Archive member included because of file (symbol)

c:/siliconlabs/simplicitystudio/v3/developer/toolchains/gnu_arm/4.8_2013q4/bin/../lib/gcc/arm-none-eabi/4.8.3/armv7-m\libgcc.a(_arm_addsubdf3.o)
                              ./Source Files/app_plat/app_task.o (__aeabi_ui2d)
c:/siliconlabs/simplicitystudio/v3/developer/toolchains/gnu_arm/4.8_2013q4/bin/../lib/gcc/arm-none-eabi/4.8.3/armv7-m\libgcc.a(_arm_muldivdf3.o)
                              ./Source Files/app_plat/app_task.o (__aeabi_dmul)
c:/siliconlabs/simplicitystudio/v3/developer/toolchains/gnu_arm/4.8_2013q4/bin/../lib/gcc/arm-none-eabi/4.8.3/armv7-m\libgcc.a(_arm_cmpdf2.o)
                              ./Source Files/app_plat/app_task.o (__aeabi_dcmplt)
c:/siliconlabs/simplicitystudio/v3/developer/toolchains/gnu_arm/4.8_2013q4/bin/../lib/gcc/arm-none-eabi/4.8.3/armv7-m\libgcc.a(_arm_truncdfsf2.o)
                              ./Source Files/app_plat/app_task.o (__aeabi_d2f)
c:/siliconlabs/simplicitystudio/v3/developer/toolchains/gnu_arm/4.8_2013q4/bin/../lib/gcc/arm-none-eabi/4.8.3/armv7-m\libgcc.a(_arm_addsubsf3.o)
                              ./Source Files/dev_plat/fun/fun_data.o (__aeabi_fsub)
c:/siliconlabs/simplicitystudio/v3/developer/toolchains/gnu_arm/4.8_2013q4/bin/../lib/gcc/arm-none-eabi/4.8.3/armv7-m\libgcc.a(_arm_muldivsf3.o)
                              ./Source Files/dev_plat/fun/fun_data.o (__aeabi_fmul)
c:/siliconlabs/simplicitystudio/v3/developer/toolchains/gnu_arm/4.8_2013q4/bin/../lib/gcc/arm-none-eabi/4.8.3/armv7-m\libgcc.a(_arm_cmpsf2.o)
                              ./Source Files/dev_plat/fun/fun_data.o (__aeabi_fcmpge)
c:/siliconlabs/simplicitystudio/v3/developer/toolchains/gnu_arm/4.8_2013q4/bin/../lib/gcc/arm-none-eabi/4.8.3/armv7-m\libgcc.a(_arm_fixunssfsi.o)
                              ./Source Files/dev_plat/fun/fun_data.o (__aeabi_f2uiz)
c:/siliconlabs/simplicitystudio/v3/developer/toolchains/gnu_arm/4.8_2013q4/bin/../lib/gcc/arm-none-eabi/4.8.3/armv7-m\libgcc.a(_aeabi_uldivmod.o)
                              ./emlib/em_usart.o (__aeabi_uldivmod)
c:/siliconlabs/simplicitystudio/v3/developer/toolchains/gnu_arm/4.8_2013q4/bin/../lib/gcc/arm-none-eabi/4.8.3/armv7-m\libgcc.a(bpabi.o)
                              c:/siliconlabs/simplicitystudio/v3/developer/toolchains/gnu_arm/4.8_2013q4/bin/../lib/gcc/arm-none-eabi/4.8.3/armv7-m\libgcc.a(_aeabi_uldivmod.o) (__gnu_uldivmod_helper)
c:/siliconlabs/simplicitystudio/v3/developer/toolchains/gnu_arm/4.8_2013q4/bin/../lib/gcc/arm-none-eabi/4.8.3/armv7-m\libgcc.a(_dvmd_tls.o)
                              c:/siliconlabs/simplicitystudio/v3/developer/toolchains/gnu_arm/4.8_2013q4/bin/../lib/gcc/arm-none-eabi/4.8.3/armv7-m\libgcc.a(_aeabi_uldivmod.o) (__aeabi_ldiv0)
c:/siliconlabs/simplicitystudio/v3/developer/toolchains/gnu_arm/4.8_2013q4/bin/../lib/gcc/arm-none-eabi/4.8.3/armv7-m\libgcc.a(_divdi3.o)
                              c:/siliconlabs/simplicitystudio/v3/developer/toolchains/gnu_arm/4.8_2013q4/bin/../lib/gcc/arm-none-eabi/4.8.3/armv7-m\libgcc.a(bpabi.o) (__divdi3)
c:/siliconlabs/simplicitystudio/v3/developer/toolchains/gnu_arm/4.8_2013q4/bin/../lib/gcc/arm-none-eabi/4.8.3/armv7-m\libgcc.a(_udivdi3.o)
                              c:/siliconlabs/simplicitystudio/v3/developer/toolchains/gnu_arm/4.8_2013q4/bin/../lib/gcc/arm-none-eabi/4.8.3/armv7-m\libgcc.a(bpabi.o) (__udivdi3)
c:/siliconlabs/simplicitystudio/v3/developer/toolchains/gnu_arm/4.8_2013q4/bin/../lib/gcc/arm-none-eabi/4.8.3/../../../../arm-none-eabi/lib/armv7-m\libc_s.a(lib_a-exit.o)
                              c:/siliconlabs/simplicitystudio/v3/developer/toolchains/gnu_arm/4.8_2013q4/bin/../lib/gcc/arm-none-eabi/4.8.3/../../../../arm-none-eabi/lib/armv7-m/crt0.o (exit)
c:/siliconlabs/simplicitystudio/v3/developer/toolchains/gnu_arm/4.8_2013q4/bin/../lib/gcc/arm-none-eabi/4.8.3/../../../../arm-none-eabi/lib/armv7-m\libc_s.a(lib_a-impure.o)
                              c:/siliconlabs/simplicitystudio/v3/developer/toolchains/gnu_arm/4.8_2013q4/bin/../lib/gcc/arm-none-eabi/4.8.3/../../../../arm-none-eabi/lib/armv7-m\libc_s.a(lib_a-exit.o) (_global_impure_ptr)
c:/siliconlabs/simplicitystudio/v3/developer/toolchains/gnu_arm/4.8_2013q4/bin/../lib/gcc/arm-none-eabi/4.8.3/../../../../arm-none-eabi/lib/armv7-m\libc_s.a(lib_a-init.o)
                              c:/siliconlabs/simplicitystudio/v3/developer/toolchains/gnu_arm/4.8_2013q4/bin/../lib/gcc/arm-none-eabi/4.8.3/../../../../arm-none-eabi/lib/armv7-m/crt0.o (__libc_init_array)
c:/siliconlabs/simplicitystudio/v3/developer/toolchains/gnu_arm/4.8_2013q4/bin/../lib/gcc/arm-none-eabi/4.8.3/../../../../arm-none-eabi/lib/armv7-m\libc_s.a(lib_a-memcmp.o)
                              ./Source Files/dev_plat/driver/GPS/GPS.o (memcmp)
c:/siliconlabs/simplicitystudio/v3/developer/toolchains/gnu_arm/4.8_2013q4/bin/../lib/gcc/arm-none-eabi/4.8.3/../../../../arm-none-eabi/lib/armv7-m\libc_s.a(lib_a-memcpy-stub.o)
[...]
Memory Configuration

Name             Origin             Length             Attributes
FLASH            0x00000000         0x00020000         xr
RAM              0x20000000         0x00004000         xrw
*default*        0x00000000         0xffffffff

Linker script and memory map

LOAD c:/siliconlabs/simplicitystudio/v3/developer/toolchains/gnu_arm/4.8_2013q4/bin/../lib/gcc/arm-none-eabi/4.8.3/armv7-m/crti.o
LOAD c:/siliconlabs/simplicitystudio/v3/developer/toolchains/gnu_arm/4.8_2013q4/bin/../lib/gcc/arm-none-eabi/4.8.3/armv7-m/crtbegin.o
LOAD c:/siliconlabs/simplicitystudio/v3/developer/toolchains/gnu_arm/4.8_2013q4/bin/../lib/gcc/arm-none-eabi/4.8.3/../../../../arm-none-eabi/lib/armv7-m/crt0.o
LOAD ./emlib/dmactrl.o
LOAD ./emlib/em_adc.o
LOAD ./emlib/em_cmu.o
LOAD ./emlib/em_dma.o
LOAD ./emlib/em_emu.o
LOAD ./emlib/em_gpio.o
LOAD ./emlib/em_i2c.o
LOAD ./emlib/em_int.o
LOAD ./emlib/em_letimer.o
LOAD ./emlib/em_leuart.o
LOAD ./emlib/em_rtc.o
LOAD ./emlib/em_system.o
LOAD ./emlib/em_timer.o
LOAD ./emlib/em_usart.o
LOAD ./emlib/em_wdog.o
LOAD ./Source Files/dev_plat/var.o
LOAD ./Source Files/dev_plat/tpos/low_power_tick_management.o
LOAD ./Source Files/dev_plat/tpos/sleep.o
LOAD ./Source Files/dev_plat/tpos/tpos_croutine.o
LOAD ./Source Files/dev_plat/tpos/tpos_heap_1.o
LOAD ./Source Files/dev_plat/tpos/tpos_list.o
LOAD ./Source Files/dev_plat/tpos/tpos_port.o
LOAD ./Source Files/dev_plat/tpos/tpos_queue.o
LOAD ./Source Files/dev_plat/tpos/tpos_tasks.o
LOAD ./Source Files/dev_plat/tpos/tpos_timers.o
LOAD ./Source Files/dev_plat/fun/fun_data.o
LOAD ./Source Files/dev_plat/fun/fun_str.o
LOAD ./Source Files/dev_plat/driver/flash/flash_fun.o
LOAD ./Source Files/dev_plat/driver/RS232/rs_232.o
LOAD ./Source Files/dev_plat/driver/RF/radio_hal.o
LOAD ./Source Files/dev_plat/driver/RF/rf_spi.o
LOAD ./Source Files/dev_plat/driver/RF/si446x_api_lib.o
LOAD ./Source Files/dev_plat/driver/RF/si446x_nirq.o
LOAD ./Source Files/dev_plat/driver/R8025T/R8025t.o
LOAD ./Source Files/dev_plat/driver/GPS/GPS.o
LOAD ./Source Files/dev_plat/driver/GPIO/gpio.o
LOAD ./Source Files/app_plat/InitDevice.o
LOAD ./Source Files/app_plat/app_task.o
LOAD ./Source Files/app_plat/interrupt.o
LOAD ./Source Files/app_plat/main.o
LOAD ./CMSIS/efm32g/startup_gcc_efm32g.o
LOAD ./CMSIS/efm32g/system_efm32g.o
START GROUP
LOAD c:/siliconlabs/simplicitystudio/v3/developer/toolchains/gnu_arm/4.8_2013q4/bin/../lib/gcc/arm-none-eabi/4.8.3/armv7-m\libgcc.a
LOAD c:/siliconlabs/simplicitystudio/v3/developer/toolchains/gnu_arm/4.8_2013q4/bin/../lib/gcc/arm-none-eabi/4.8.3/../../../../arm-none-eabi/lib/armv7-m\libc_s.a
LOAD c:/siliconlabs/simplicitystudio/v3/developer/toolchains/gnu_arm/4.8_2013q4/bin/../lib/gcc/arm-none-eabi/4.8.3/../../../../arm-none-eabi/lib/armv7-m\libnosys.a
END GROUP
START GROUP
LOAD c:/siliconlabs/simplicitystudio/v3/developer/toolchains/gnu_arm/4.8_2013q4/bin/../lib/gcc/arm-none-eabi/4.8.3/armv7-m\libgcc.a
LOAD c:/siliconlabs/simplicitystudio/v3/developer/toolchains/gnu_arm/4.8_2013q4/bin/../lib/gcc/arm-none-eabi/4.8.3/../../../../arm-none-eabi/lib/armv7-m\libg_s.a
LOAD c:/siliconlabs/simplicitystudio/v3/developer/toolchains/gnu_arm/4.8_2013q4/bin/../lib/gcc/arm-none-eabi/4.8.3/../../../../arm-none-eabi/lib/armv7-m\libc_s.a
END GROUP
START GROUP
LOAD c:/siliconlabs/simplicitystudio/v3/developer/toolchains/gnu_arm/4.8_2013q4/bin/../lib/gcc/arm-none-eabi/4.8.3/armv7-m\libgcc.a
LOAD c:/siliconlabs/simplicitystudio/v3/developer/toolchains/gnu_arm/4.8_2013q4/bin/../lib/gcc/arm-none-eabi/4.8.3/../../../../arm-none-eabi/lib/armv7-m\libc_s.a
END GROUP
LOAD c:/siliconlabs/simplicitystudio/v3/developer/toolchains/gnu_arm/4.8_2013q4/bin/../lib/gcc/arm-none-eabi/4.8.3/armv7-m/crtend.o
LOAD c:/siliconlabs/simplicitystudio/v3/developer/toolchains/gnu_arm/4.8_2013q4/bin/../lib/gcc/arm-none-eabi/4.8.3/armv7-m/crtn.o

.text           0x00000000     0x7508
 *(.vectors)
 .vectors       0x00000000       0xbc ./CMSIS/efm32g/startup_gcc_efm32g.o
                0x00000000                __Vectors
                0x000000bc                __Vectors_End = .
                0x000000bc                __Vectors_Size = (__Vectors_End - __Vectors)
                0x000000bc                __end__ = .
 *(.text*)
 .text          0x000000bc       0x54 c:/siliconlabs/simplicitystudio/v3/developer/toolchains/gnu_arm/4.8_2013q4/bin/../lib/gcc/arm-none-eabi/4.8.3/armv7-m/crtbegin.o
 .text          0x00000110       0x74 c:/siliconlabs/simplicitystudio/v3/developer/toolchains/gnu_arm/4.8_2013q4/bin/../lib/gcc/arm-none-eabi/4.8.3/../../../../arm-none-eabi/lib/armv7-m/crt0.o
                0x00000110                _start
                0x00000110                _mainCRTStartup
 .text.ADC_LoadDevinfoCal
                0x00000184      0x120 ./emlib/em_adc.o
 .text.ADC_Init
                0x000002a4       0x88 ./emlib/em_adc.o
                0x000002a4                ADC_Init
 .text.ADC_InitScan
                0x0000032c       0xa0 ./emlib/em_adc.o
                0x0000032c                ADC_InitScan
 .text.ADC_PrescaleCalc
                0x000003cc       0x64 ./emlib/em_adc.o
                0x000003cc                ADC_PrescaleCalc
 .text.ADC_TimebaseCalc
                0x00000430       0x50 ./emlib/em_adc.o
                0x00000430                ADC_TimebaseCalc
 .text.BUS_RegBitWrite
                0x00000480       0x2c ./emlib/em_cmu.o
 .text.BUS_RegBitRead
                0x000004ac       0x2c ./emlib/em_cmu.o
 .text.CMU_DivToLog2
                0x000004d8       0x34 ./emlib/em_cmu.o
 .text.auxClkGet
                0x0000050c       0x1c ./emlib/em_cmu.o
 .text.dbgClkGet
                0x00000528       0x40 ./emlib/em_cmu.o
 .text.flashWaitStateControl
                0x00000568       0x9c ./emlib/em_cmu.o
 .text.flashWaitStateMax
                0x00000604       0x14 ./emlib/em_cmu.o
 .text.lfClkGet
                0x00000618       0xb0 ./emlib/em_cmu.o
 .text.syncReg  0x000006c8       0x34 ./emlib/em_cmu.o
 .text.CMU_ClockDivSet
                0x000006fc      0x15c ./emlib/em_cmu.o
                0x000006fc                CMU_ClockDivSet
 .text.CMU_ClockEnable
                0x00000858       0xbc ./emlib/em_cmu.o
                0x00000858                CMU_ClockEnable
 .text.CMU_ClockFreqGet
                0x00000914      0x13c ./emlib/em_cmu.o
                0x00000914                CMU_ClockFreqGet
 .text.CMU_ClockSelectGet
                0x00000a50       0xec ./emlib/em_cmu.o
                0x00000a50                CMU_ClockSelectGet
 .text.CMU_ClockSelectSet
                0x00000b3c      0x140 ./emlib/em_cmu.o
                0x00000b3c                CMU_ClockSelectSet
 .text.CMU_HFRCOBandSet
                0x00000c7c       0xcc ./emlib/em_cmu.o
                0x00000c7c                CMU_HFRCOBandSet
 .text.CMU_OscillatorEnable
                0x00000d48       0xc0 ./emlib/em_cmu.o
                0x00000d48                CMU_OscillatorEnable
 .text.NVIC_EnableIRQ
                0x00000e08       0x30 ./emlib/em_dma.o
 .text.NVIC_DisableIRQ
                0x00000e38       0x34 ./emlib/em_dma.o
 .text.NVIC_ClearPendingIRQ
                0x00000e6c       0x34 ./emlib/em_dma.o
 .text.BUS_RegBitWrite
                0x00000ea0       0x2c ./emlib/em_dma.o
 .text.DMA_Prepare
                0x00000ecc      0x108 ./emlib/em_dma.o
 .text.DMA_IRQHandler
                0x00000fd4       0xd8 ./emlib/em_dma.o
                0x00000fd4                DMA_IRQHandler
 .text.DMA_ActivateBasic
                0x000010ac       0x40 ./emlib/em_dma.o
                0x000010ac                DMA_ActivateBasic
 .text.DMA_CfgChannel
                0x000010ec       0x90 ./emlib/em_dma.o
                0x000010ec                DMA_CfgChannel
 .text.DMA_CfgDescr
                0x0000117c       0x70 ./emlib/em_dma.o
                0x0000117c                DMA_CfgDescr
 .text.DMA_Init
                0x000011ec       0x54 ./emlib/em_dma.o
                0x000011ec                DMA_Init
 .text.DMA_Reset
                0x00001240       0x7c ./emlib/em_dma.o
                0x00001240                DMA_Reset
 .text.SystemCoreClockUpdate
                0x000012bc        0xc ./emlib/em_emu.o
 .text.EMU_Unlock
                0x000012c8       0x18 ./emlib/em_emu.o
 .text.CMU_Lock
                0x000012e0       0x18 ./emlib/em_emu.o
 .text.CMU_Unlock
                0x000012f8       0x1c ./emlib/em_emu.o
 .text.emuRestore
                0x00001314       0xf0 ./emlib/em_emu.o
 .text.getErrataFixEmuE107En
                0x00001404       0x5c ./emlib/em_emu.o
 .text.EMU_EnterEM2
                0x00001460       0x84 ./emlib/em_emu.o
                0x00001460                EMU_EnterEM2
 .text.EMU_EnterEM3
                0x000014e4       0xa4 ./emlib/em_emu.o
                0x000014e4                EMU_EnterEM3
 .text.EMU_EnterEM4
                0x00001588       0x50 ./emlib/em_emu.o
                0x00001588                EMU_EnterEM4
 .text.EMU_UpdateOscConfig
                0x000015d8       0x1c ./emlib/em_emu.o
                0x000015d8                EMU_UpdateOscConfig
 .text.BUS_RegBitWrite
                0x000015f4       0x2c ./emlib/em_gpio.o
 .text.BUS_RegMaskedWrite
                0x00001620       0x28 ./emlib/em_gpio.o
 .text.GPIO_PinOutClear
                0x00001648       0x58 ./emlib/em_gpio.o
 .text.GPIO_PinOutSet
                0x000016a0       0x58 ./emlib/em_gpio.o
 .text.GPIO_ExtIntConfig
                0x000016f8       0xcc ./emlib/em_gpio.o
                0x000016f8                GPIO_ExtIntConfig
 .text.GPIO_PinModeSet
                0x000017c4      0x110 ./emlib/em_gpio.o
                0x000017c4                GPIO_PinModeSet
 .text.BUS_RegBitWrite
                0x000018d4       0x2c ./emlib/em_i2c.o
 .text.BUS_RegMaskedWrite
                0x00001900       0x28 ./emlib/em_i2c.o
 .text.I2C_BusFreqSet
                0x00001928       0xfc ./emlib/em_i2c.o
                0x00001928                I2C_BusFreqSet
 .text.I2C_Init
                0x00001a24       0x5c ./emlib/em_i2c.o
                0x00001a24                I2C_Init
 .text.I2C_Transfer
                0x00001a80      0x420 ./emlib/em_i2c.o
                0x00001a80                I2C_Transfer
 .text.I2C_TransferInit
                0x00001ea0       0xbc ./emlib/em_i2c.o
                0x00001ea0                I2C_TransferInit
 .text.LEUART_Sync
                0x00001f5c       0x30 ./emlib/em_leuart.o
 .text.LEUART_BaudrateSet
                0x00001f8c       0x80 ./emlib/em_leuart.o
                0x00001f8c                LEUART_BaudrateSet
 .text.LEUART_FreezeEnable
                0x0000200c       0x34 ./emlib/em_leuart.o
                0x0000200c                LEUART_FreezeEnable
 .text.LEUART_Init
                0x00002040       0x84 ./emlib/em_leuart.o
                0x00002040                LEUART_Init
 .text.LEUART_Reset
                0x000020c4       0x70 ./emlib/em_leuart.o
                0x000020c4                LEUART_Reset
 .text.LEUART_Tx
                0x00002134       0x30 ./emlib/em_leuart.o
                0x00002134                LEUART_Tx
 .text.BUS_RegBitWrite
                0x00002164       0x2c ./emlib/em_rtc.o
 .text.regSync  0x00002190       0x34 ./emlib/em_rtc.o
 .text.RTC_CompareGet
                0x000021c4       0x3c ./emlib/em_rtc.o
                0x000021c4                RTC_CompareGet
 .text.RTC_CompareSet
                0x00002200       0x58 ./emlib/em_rtc.o
                0x00002200                RTC_CompareSet
 .text.RTC_Enable
                0x00002258       0x2c ./emlib/em_rtc.o
                0x00002258                RTC_Enable
 .text.RTC_Init
                0x00002284       0x50 ./emlib/em_rtc.o
                0x00002284                RTC_Init
 .text.SYSTEM_ChipRevisionGet
                0x000022d4       0x74 ./emlib/em_system.o
                0x000022d4                SYSTEM_ChipRevisionGet
 .text.TIMER_Init
                0x00002348       0xdc ./emlib/em_timer.o
                0x00002348                TIMER_Init
 .text.TIMER_InitCC
                0x00002424       0xc0 ./emlib/em_timer.o
                0x00002424                TIMER_InitCC
 .text.BUS_RegMaskedWrite
                0x000024e4       0x28 ./emlib/em_usart.o
 .text.USART_BaudrateAsyncSet
                0x0000250c       0xb0 ./emlib/em_usart.o
                0x0000250c                USART_BaudrateAsyncSet
 .text.USART_BaudrateSyncSet
                0x000025bc       0x74 ./emlib/em_usart.o
                0x000025bc                USART_BaudrateSyncSet
 .text.USART_InitAsync
                0x00002630       0x7c ./emlib/em_usart.o
                0x00002630                USART_InitAsync
 .text.USART_InitSync
                0x000026ac       0x9c ./emlib/em_usart.o
                0x000026ac                USART_InitSync
 .text.USART_InitPrsTrigger
                0x00002748       0x50 ./emlib/em_usart.o
                0x00002748                USART_InitPrsTrigger
 .text.USART_Reset
                0x00002798       0x88 ./emlib/em_usart.o
                0x00002798                USART_Reset
 .text.USART_Tx
                0x00002820       0x2c ./emlib/em_usart.o
                0x00002820                USART_Tx
 .text.WDOGn_Feed
                0x0000284c       0x44 ./emlib/em_wdog.o
                0x0000284c                WDOGn_Feed
 .text.WDOGn_Init
                0x00002890       0xb0 ./emlib/em_wdog.o
                0x00002890                WDOGn_Init
 .text.NVIC_EnableIRQ
                0x00002940       0x30 ./Source Files/dev_plat/tpos/low_power_tick_management.o
 .text.NVIC_ClearPendingIRQ
                0x00002970       0x34 ./Source Files/dev_plat/tpos/low_power_tick_management.o
 .text.NVIC_SetPriority
                0x000029a4       0x54 ./Source Files/dev_plat/tpos/low_power_tick_management.o
 .text.RTC_IntClear
                0x000029f8       0x1c ./Source Files/dev_plat/tpos/low_power_tick_management.o
 .text.RTC_IntDisable
                0x00002a14       0x24 ./Source Files/dev_plat/tpos/low_power_tick_management.o
 .text.RTC_IntEnable
                0x00002a38       0x24 ./Source Files/dev_plat/tpos/low_power_tick_management.o
 .text.vApplicationIdleHook
                0x00002a5c        0xc ./Source Files/dev_plat/tpos/low_power_tick_management.o
                0x00002a5c                vApplicationIdleHook
 .text.RTC_IRQHandler
                0x00002a68       0x50 ./Source Files/dev_plat/tpos/low_power_tick_management.o
                0x00002a68                RTC_IRQHandler
 .text.vPortSetupTimerInterrupt
                0x00002ab8       0x84 ./Source Files/dev_plat/tpos/low_power_tick_management.o
                0x00002ab8                vPortSetupTimerInterrupt
 .text.INT_Disable
                0x00002b3c       0x2c ./Source Files/dev_plat/tpos/sleep.o
 .text.INT_Enable
                0x00002b68       0x3c ./Source Files/dev_plat/tpos/sleep.o
 .text.BUS_RegBitWrite
                0x00002ba4       0x2c ./Source Files/dev_plat/tpos/sleep.o
 .text.EMU_EnterEM1
                0x00002bd0       0x20 ./Source Files/dev_plat/tpos/sleep.o
 .text.EMU_EM2Block
                0x00002bf0       0x14 ./Source Files/dev_plat/tpos/sleep.o
 .text.SLEEP_Init
                0x00002c04       0x38 ./Source Files/dev_plat/tpos/sleep.o
                0x00002c04                SLEEP_Init
 .text.SLEEP_Sleep
                0x00002c3c       0x3c ./Source Files/dev_plat/tpos/sleep.o
                0x00002c3c                SLEEP_Sleep
 .text.SLEEP_SleepBlockBegin
                0x00002c78       0x48 ./Source Files/dev_plat/tpos/sleep.o
                0x00002c78                SLEEP_SleepBlockBegin
 .text.SLEEP_LowestEnergyModeGet
                0x00002cc0       0x40 ./Source Files/dev_plat/tpos/sleep.o
                0x00002cc0                SLEEP_LowestEnergyModeGet
 .text.enterEMx
                0x00002d00       0x88 ./Source Files/dev_plat/tpos/sleep.o
 .text.pvPortMalloc
                0x00002d88       0x8c ./Source Files/dev_plat/tpos/tpos_heap_1.o
                0x00002d88                pvPortMalloc
 .text.vPortFree
                0x00002e14       0x14 ./Source Files/dev_plat/tpos/tpos_heap_1.o
                0x00002e14                vPortFree
 .text.vListInitialise
                0x00002e28       0x40 ./Source Files/dev_plat/tpos/tpos_list.o
                0x00002e28                vListInitialise
 .text.vListInitialiseItem
                0x00002e68       0x18 ./Source Files/dev_plat/tpos/tpos_list.o
                0x00002e68                vListInitialiseItem
 .text.vListInsertEnd
                0x00002e80       0x48 ./Source Files/dev_plat/tpos/tpos_list.o
                0x00002e80                vListInsertEnd
 .text.vListInsert
                0x00002ec8       0x70 ./Source Files/dev_plat/tpos/tpos_list.o
                0x00002ec8                vListInsert
 .text.uxListRemove
                0x00002f38       0x54 ./Source Files/dev_plat/tpos/tpos_list.o
                0x00002f38                uxListRemove
 .text.pxPortInitialiseStack
                0x00002f8c       0x58 ./Source Files/dev_plat/tpos/tpos_port.o
                0x00002f8c                pxPortInitialiseStack
 .text.prvTaskExitError
                0x00002fe4        0xc ./Source Files/dev_plat/tpos/tpos_port.o
 .text.SVC_Handler
                0x00002ff0       0x28 ./Source Files/dev_plat/tpos/tpos_port.o
                0x00002ff0                SVC_Handler
 .text.prvPortStartFirstTask
                0x00003018       0x20 ./Source Files/dev_plat/tpos/tpos_port.o
 .text.xPortStartScheduler
                0x00003038       0xbc ./Source Files/dev_plat/tpos/tpos_port.o
                0x00003038                xPortStartScheduler
 .text.vPortYield
                0x000030f4       0x20 ./Source Files/dev_plat/tpos/tpos_port.o
                0x000030f4                vPortYield
 .text.vPortEnterCritical
                0x00003114       0x30 ./Source Files/dev_plat/tpos/tpos_port.o
                0x00003114                vPortEnterCritical
 .text.vPortExitCritical
                0x00003144       0x24 ./Source Files/dev_plat/tpos/tpos_port.o
                0x00003144                vPortExitCritical
 .text.ulPortSetInterruptMask
                0x00003168       0x14 ./Source Files/dev_plat/tpos/tpos_port.o
                0x00003168                ulPortSetInterruptMask
 .text.vPortClearInterruptMask
                0x0000317c        0x8 ./Source Files/dev_plat/tpos/tpos_port.o
                0x0000317c                vPortClearInterruptMask
 .text.PendSV_Handler
                0x00003184       0x44 ./Source Files/dev_plat/tpos/tpos_port.o
                0x00003184                PendSV_Handler
 .text.SysTick_Handler
                0x000031c8       0x28 ./Source Files/dev_plat/tpos/tpos_port.o
                0x000031c8                SysTick_Handler
 .text.vPortValidateInterruptPriority
                0x000031f0       0x34 ./Source Files/dev_plat/tpos/tpos_port.o
                0x000031f0                vPortValidateInterruptPriority
 .text.xQueueGenericReset
                0x00003224       0x9c ./Source Files/dev_plat/tpos/tpos_queue.o
                0x00003224                xQueueGenericReset
 .text.xQueueGenericCreate
                0x000032c0       0x70 ./Source Files/dev_plat/tpos/tpos_queue.o
                0x000032c0                xQueueGenericCreate
 .text.xQueueGenericSend
                0x00003330      0x140 ./Source Files/dev_plat/tpos/tpos_queue.o
                0x00003330                xQueueGenericSend
 .text.xQueueGenericSendFromISR
                0x00003470       0xc0 ./Source Files/dev_plat/tpos/tpos_queue.o
                0x00003470                xQueueGenericSendFromISR
 .text.xQueueGenericReceive
                0x00003530      0x180 ./Source Files/dev_plat/tpos/tpos_queue.o
                0x00003530                xQueueGenericReceive
 .text.prvCopyDataToQueue
                0x000036b0       0xdc ./Source Files/dev_plat/tpos/tpos_queue.o
 .text.prvCopyDataFromQueue
                0x0000378c       0x4c ./Source Files/dev_plat/tpos/tpos_queue.o
 .text.prvUnlockQueue
                0x000037d8       0x98 ./Source Files/dev_plat/tpos/tpos_queue.o
 .text.prvIsQueueEmpty
                0x00003870       0x2c ./Source Files/dev_plat/tpos/tpos_queue.o
 .text.prvIsQueueFull
                0x0000389c       0x30 ./Source Files/dev_plat/tpos/tpos_queue.o
 .text.vQueueAddToRegistry
                0x000038cc       0x50 ./Source Files/dev_plat/tpos/tpos_queue.o
                0x000038cc                vQueueAddToRegistry
 .text.vQueueWaitForMessageRestricted
                0x0000391c       0x58 ./Source Files/dev_plat/tpos/tpos_queue.o
                0x0000391c                vQueueWaitForMessageRestricted
 .text.WDOG_Feed
                0x00003974       0x10 ./Source Files/dev_plat/tpos/tpos_tasks.o
 .text.xTaskGenericCreate
                0x00003984      0x128 ./Source Files/dev_plat/tpos/tpos_tasks.o
                0x00003984                xTaskGenericCreate
 .text.tpos_delay
                0x00003aac       0x7c ./Source Files/dev_plat/tpos/tpos_tasks.o
                0x00003aac                tpos_delay
 .text.tpos_start
                0x00003b28       0x64 ./Source Files/dev_plat/tpos/tpos_tasks.o
                0x00003b28                tpos_start
 .text.vTaskSuspendAll
                0x00003b8c       0x1c ./Source Files/dev_plat/tpos/tpos_tasks.o
                0x00003b8c                vTaskSuspendAll
 .text.xTaskResumeAll
                0x00003ba8       0xf4 ./Source Files/dev_plat/tpos/tpos_tasks.o
                0x00003ba8                xTaskResumeAll
 .text.xTaskGetTickCount
                0x00003c9c       0x24 ./Source Files/dev_plat/tpos/tpos_tasks.o
                0x00003c9c                xTaskGetTickCount
 .text.xTaskIncrementTick
                0x00003cc0      0x11c ./Source Files/dev_plat/tpos/tpos_tasks.o
                0x00003cc0                xTaskIncrementTick
 .text.vTaskSwitchContext
                0x00003ddc       0x94 ./Source Files/dev_plat/tpos/tpos_tasks.o
                0x00003ddc                vTaskSwitchContext
 .text.vTaskPlaceOnEventList
                0x00003e70       0x80 ./Source Files/dev_plat/tpos/tpos_tasks.o
                0x00003e70                vTaskPlaceOnEventList
 .text.vTaskPlaceOnEventListRestricted
                0x00003ef0       0x64 ./Source Files/dev_plat/tpos/tpos_tasks.o
                0x00003ef0                vTaskPlaceOnEventListRestricted
 .text.xTaskRemoveFromEventList
                0x00003f54       0xa8 ./Source Files/dev_plat/tpos/tpos_tasks.o
                0x00003f54                xTaskRemoveFromEventList
 .text.vTaskSetTimeOutState
                0x00003ffc       0x2c ./Source Files/dev_plat/tpos/tpos_tasks.o
                0x00003ffc                vTaskSetTimeOutState
 .text.xTaskCheckForTimeOut
                0x00004028       0x88 ./Source Files/dev_plat/tpos/tpos_tasks.o
                0x00004028                xTaskCheckForTimeOut
 .text.vTaskMissedYield
                0x000040b0       0x18 ./Source Files/dev_plat/tpos/tpos_tasks.o
                0x000040b0                vTaskMissedYield
 .text.prvIdleTask
                0x000040c8       0x1c ./Source Files/dev_plat/tpos/tpos_tasks.o
 .text.prvInitialiseTCBVariables
                0x000040e4       0x94 ./Source Files/dev_plat/tpos/tpos_tasks.o
 .text.prvInitialiseTaskLists
                0x00004178       0x7c ./Source Files/dev_plat/tpos/tpos_tasks.o
 .text.prvCheckTasksWaitingTermination
                0x000041f4       0x74 ./Source Files/dev_plat/tpos/tpos_tasks.o
 .text.prvAddCurrentTaskToDelayedList
                0x00004268       0x6c ./Source Files/dev_plat/tpos/tpos_tasks.o
 .text.prvAllocateTCBAndStack
                0x000042d4       0x50 ./Source Files/dev_plat/tpos/tpos_tasks.o
 .text.prvDeleteTCB
                0x00004324       0x20 ./Source Files/dev_plat/tpos/tpos_tasks.o
 .text.prvResetNextTaskUnblockTime
                0x00004344       0x48 ./Source Files/dev_plat/tpos/tpos_tasks.o
 .text.xTaskGetSchedulerState
                0x0000438c       0x3c ./Source Files/dev_plat/tpos/tpos_tasks.o
                0x0000438c                xTaskGetSchedulerState
 .text.vTaskPriorityInherit
                0x000043c8       0xec ./Source Files/dev_plat/tpos/tpos_tasks.o
                0x000043c8                vTaskPriorityInherit
 .text.xTaskPriorityDisinherit
                0x000044b4       0xc8 ./Source Files/dev_plat/tpos/tpos_tasks.o
                0x000044b4                xTaskPriorityDisinherit
 .text.pvTaskIncrementMutexHeldCount
                0x0000457c       0x28 ./Source Files/dev_plat/tpos/tpos_tasks.o
                0x0000457c                pvTaskIncrementMutexHeldCount
 .text.ClrTaskWdt
                0x000045a4        0xc ./Source Files/dev_plat/tpos/tpos_tasks.o
                0x000045a4                ClrTaskWdt
 .text.xTimerCreateTimerTask
                0x000045b0       0x4c ./Source Files/dev_plat/tpos/tpos_timers.o
                0x000045b0                xTimerCreateTimerTask
 .text.xTimerCreate
                0x000045fc       0x60 ./Source Files/dev_plat/tpos/tpos_timers.o
                0x000045fc                xTimerCreate
 .text.xTimerGenericCommand
                0x0000465c       0x8c ./Source Files/dev_plat/tpos/tpos_timers.o
                0x0000465c                xTimerGenericCommand
 .text.prvProcessExpiredTimer
                0x000046e8       0x64 ./Source Files/dev_plat/tpos/tpos_timers.o
 .text.prvTimerTask
                0x0000474c       0x24 ./Source Files/dev_plat/tpos/tpos_timers.o
 .text.prvProcessTimerOrBlockTask
                0x00004770       0x6c ./Source Files/dev_plat/tpos/tpos_timers.o
 .text.prvGetNextExpireTime
                0x000047dc       0x48 ./Source Files/dev_plat/tpos/tpos_timers.o
 .text.prvSampleTimeNow
                0x00004824       0x40 ./Source Files/dev_plat/tpos/tpos_timers.o
 .text.prvInsertTimerInActiveList
                0x00004864       0x84 ./Source Files/dev_plat/tpos/tpos_timers.o
 .text.prvProcessReceivedCommands
                0x000048e8       0xf4 ./Source Files/dev_plat/tpos/tpos_timers.o
 .text.prvSwitchTimerLists
                0x000049dc       0xa4 ./Source Files/dev_plat/tpos/tpos_timers.o
 .text.prvCheckForValidListAndQueue
                0x00004a80       0x6c ./Source Files/dev_plat/tpos/tpos_timers.o
 .text.xTimersFunc
                0x00004aec       0x20 ./Source Files/dev_plat/tpos/tpos_timers.o
                0x00004aec                xTimersFunc
 .text.Create_10ms_Timer
                0x00004b0c       0x48 ./Source Files/dev_plat/tpos/tpos_timers.o
                0x00004b0c                Create_10ms_Timer
 .text.Float2Char
                0x00004b54      0x210 ./Source Files/dev_plat/fun/fun_data.o
                0x00004b54                Float2Char
 .text.LEUART0_IRQHandler
                0x00004d64       0xa4 ./Source Files/dev_plat/driver/RS232/rs_232.o
                0x00004d64                LEUART0_IRQHandler
 .text.UART0_TX_IRQHandler
                0x00004e08       0x4c ./Source Files/dev_plat/driver/RS232/rs_232.o
                0x00004e08                UART0_TX_IRQHandler
 .text.UART0_RX_IRQHandler
                0x00004e54       0x5c ./Source Files/dev_plat/driver/RS232/rs_232.o
                0x00004e54                UART0_RX_IRQHandler
 .text.drv_R8025T_read
                0x00004eb0       0x60 ./Source Files/dev_plat/driver/R8025T/R8025t.o
                0x00004eb0                drv_R8025T_read
 .text.drv_R8025T_write
                0x00004f10       0x58 ./Source Files/dev_plat/driver/R8025T/R8025t.o
                0x00004f10                drv_R8025T_write
 .text.drv_R8025T_init
                0x00004f68      0x14c ./Source Files/dev_plat/driver/R8025T/R8025t.o
                0x00004f68                drv_R8025T_init
 .text.NVIC_EnableIRQ
                0x000050b4       0x30 ./Source Files/app_plat/InitDevice.o
 .text.NVIC_ClearPendingIRQ
                0x000050e4       0x34 ./Source Files/app_plat/InitDevice.o
 .text.GPIO_IntConfig
                0x00005118       0x2c ./Source Files/app_plat/InitDevice.o
 .text.TIMER_CompareBufSet
                0x00005144       0x24 ./Source Files/app_plat/InitDevice.o
 .text.TIMER_IntEnable
                0x00005168       0x20 ./Source Files/app_plat/InitDevice.o
 .text.TIMER_TopSet
                0x00005188       0x1c ./Source Files/app_plat/InitDevice.o
 .text.WDOG_Init
                0x000051a4       0x1c ./Source Files/app_plat/InitDevice.o
 .text.enter_DefaultMode_from_RESET
                0x000051c0       0x4c ./Source Files/app_plat/InitDevice.o
                0x000051c0                enter_DefaultMode_from_RESET
 .text.HFXO_enter_DefaultMode_from_RESET
                0x0000520c        0xc ./Source Files/app_plat/InitDevice.o
                0x0000520c                HFXO_enter_DefaultMode_from_RESET
 .text.LFXO_enter_DefaultMode_from_RESET
                0x00005218       0x28 ./Source Files/app_plat/InitDevice.o
                0x00005218                LFXO_enter_DefaultMode_from_RESET
 .text.CMU_enter_DefaultMode_from_RESET
                0x00005240      0x118 ./Source Files/app_plat/InitDevice.o
                0x00005240                CMU_enter_DefaultMode_from_RESET
 .text.ADC0_enter_DefaultMode_from_RESET
                0x00005358       0x90 ./Source Files/app_plat/InitDevice.o
                0x00005358                ADC0_enter_DefaultMode_from_RESET
 .text.DMA_enter_DefaultMode_from_RESET
                0x000053e8       0x64 ./Source Files/app_plat/InitDevice.o
                0x000053e8                DMA_enter_DefaultMode_from_RESET
 .text.RTC_enter_DefaultMode_from_RESET
                0x0000544c       0x2c ./Source Files/app_plat/InitDevice.o
                0x0000544c                RTC_enter_DefaultMode_from_RESET
 .text.USART0_enter_DefaultMode_from_RESET
                0x00005478       0x68 ./Source Files/app_plat/InitDevice.o
                0x00005478                USART0_enter_DefaultMode_from_RESET
 .text.USART2_enter_DefaultMode_from_RESET
                0x000054e0       0x88 ./Source Files/app_plat/InitDevice.o
                0x000054e0                USART2_enter_DefaultMode_from_RESET
 .text.UART0_enter_DefaultMode_from_RESET
                0x00005568       0x58 ./Source Files/app_plat/InitDevice.o
                0x00005568                UART0_enter_DefaultMode_from_RESET
 .text.LEUART0_enter_DefaultMode_from_RESET
                0x000055c0       0x80 ./Source Files/app_plat/InitDevice.o
                0x000055c0                LEUART0_enter_DefaultMode_from_RESET
 .text.WDOG_enter_DefaultMode_from_RESET
                0x00005640       0x5c ./Source Files/app_plat/InitDevice.o
                0x00005640                WDOG_enter_DefaultMode_from_RESET
 .text.I2C0_enter_DefaultMode_from_RESET
                0x0000569c       0x48 ./Source Files/app_plat/InitDevice.o
                0x0000569c                I2C0_enter_DefaultMode_from_RESET
 .text.TIMER0_enter_DefaultMode_from_RESET
                0x000056e4       0x54 ./Source Files/app_plat/InitDevice.o
                0x000056e4                TIMER0_enter_DefaultMode_from_RESET
 .text.TIMER1_enter_DefaultMode_from_RESET
                0x00005738      0x104 ./Source Files/app_plat/InitDevice.o
                0x00005738                TIMER1_enter_DefaultMode_from_RESET
 .text.TIMER2_enter_DefaultMode_from_RESET
                0x0000583c        0xc ./Source Files/app_plat/InitDevice.o
                0x0000583c                TIMER2_enter_DefaultMode_from_RESET
 .text.LETIMER0_enter_DefaultMode_from_RESET
                0x00005848        0xc ./Source Files/app_plat/InitDevice.o
                0x00005848                LETIMER0_enter_DefaultMode_from_RESET
 .text.PORTIO_enter_DefaultMode_from_RESET
                0x00005854      0x208 ./Source Files/app_plat/InitDevice.o
                0x00005854                PORTIO_enter_DefaultMode_from_RESET
 .text.GPIO_PinOutSet
                0x00005a5c       0x58 ./Source Files/app_plat/app_task.o
 .text.ADC_Start
                0x00005ab4       0x1c ./Source Files/app_plat/app_task.o
 .text.Task_Power_Ctrl
                0x00005ad0      0x208 ./Source Files/app_plat/app_task.o
                0x00005ad0                Task_Power_Ctrl
 .text.Task_Fault_Handler
                0x00005cd8       0x70 ./Source Files/app_plat/app_task.o
                0x00005cd8                Task_Fault_Handler
 .text.Task_Report
                0x00005d48       0x18 ./Source Files/app_plat/app_task.o
                0x00005d48                Task_Report
 .text.Task_Cycle_Service
                0x00005d60       0x3c ./Source Files/app_plat/app_task.o
                0x00005d60                Task_Cycle_Service
 .text.GPIO_IntClear
                0x00005d9c       0x20 ./Source Files/app_plat/interrupt.o
 .text.TIMER_CompareBufSet
                0x00005dbc       0x24 ./Source Files/app_plat/interrupt.o
 .text.TIMER_IntClear
                0x00005de0       0x1c ./Source Files/app_plat/interrupt.o
 .text.GPIO_ODD_IRQHandler
                0x00005dfc       0x60 ./Source Files/app_plat/interrupt.o
                0x00005dfc                GPIO_ODD_IRQHandler
 .text.TIMER0_IRQHandler
                0x00005e5c       0x24 ./Source Files/app_plat/interrupt.o
                0x00005e5c                TIMER0_IRQHandler
 .text.TIMER1_IRQHandler
                0x00005e80       0x28 ./Source Files/app_plat/interrupt.o
                0x00005e80                TIMER1_IRQHandler
 .text.SystemCoreClockUpdate
                0x00005ea8        0xc ./Source Files/app_plat/main.o
 .text.GPIO_PinOutClear
                0x00005eb4       0x58 ./Source Files/app_plat/main.o
 .text.GPIO_PinOutSet
                0x00005f0c       0x58 ./Source Files/app_plat/main.o
 .text.CHIP_Init
                0x00005f64      0x184 ./Source Files/app_plat/main.o
 .text.Task_LED
                0x000060e8       0x2c ./Source Files/app_plat/main.o
 .text.printadc
                0x00006114       0x44 ./Source Files/app_plat/main.o
                0x00006114                printadc
 .text.main     0x00006158      0x14c ./Source Files/app_plat/main.o
                0x00006158                main
 .text          0x000062a4       0x30 ./CMSIS/efm32g/startup_gcc_efm32g.o
                0x000062a4                Reset_Handler
                0x000062d0                DebugMon_Handler
                0x000062d0                USART0_TX_IRQHandler
                0x000062d0                I2C0_IRQHandler
                0x000062d0                HardFault_Handler
                0x000062d0                LEUART1_IRQHandler
                0x000062d0                USART1_RX_IRQHandler
                0x000062d0                NMI_Handler
                0x000062d0                USART1_TX_IRQHandler
                0x000062d0                MSC_IRQHandler
                0x000062d0                ADC0_IRQHandler
                0x000062d0                UsageFault_Handler
                0x000062d0                GPIO_EVEN_IRQHandler
                0x000062d0                TIMER2_IRQHandler
                0x000062d0                LCD_IRQHandler
                0x000062d0                PCNT2_IRQHandler
                0x000062d0                LETIMER0_IRQHandler
                0x000062d0                USART2_RX_IRQHandler
                0x000062d0                Default_Handler
                0x000062d0                PCNT0_IRQHandler
                0x000062d0                PCNT1_IRQHandler
                0x000062d0                ACMP0_IRQHandler
                0x000062d0                USART0_RX_IRQHandler
                0x000062d0                MemManage_Handler
                0x000062d0                DAC0_IRQHandler
                0x000062d0                CMU_IRQHandler
                0x000062d0                AES_IRQHandler
                0x000062d0                VCMP_IRQHandler
                0x000062d0                BusFault_Handler
                0x000062d0                USART2_TX_IRQHandler
 .text.GetProdRev
                0x000062d4       0x1c ./CMSIS/efm32g/system_efm32g.o
 .text.SystemCoreClockGet
                0x000062f0       0x34 ./CMSIS/efm32g/system_efm32g.o
                0x000062f0                SystemCoreClockGet
 .text.SystemMaxCoreClockGet
                0x00006324       0x14 ./CMSIS/efm32g/system_efm32g.o
                0x00006324                SystemMaxCoreClockGet
 .text.SystemHFClockGet
                0x00006338       0xf0 ./CMSIS/efm32g/system_efm32g.o
                0x00006338                SystemHFClockGet
 .text.SystemInit
                0x00006428        0xc ./CMSIS/efm32g/system_efm32g.o
                0x00006428                SystemInit
 .text.SystemLFRCOClockGet
                0x00006434       0x14 ./CMSIS/efm32g/system_efm32g.o
                0x00006434                SystemLFRCOClockGet
 .text.SystemLFXOClockGet
                0x00006448       0x18 ./CMSIS/efm32g/system_efm32g.o
                0x00006448                SystemLFXOClockGet
 .text          0x00006460      0x370 c:/siliconlabs/simplicitystudio/v3/developer/toolchains/gnu_arm/4.8_2013q4/bin/../lib/gcc/arm-none-eabi/4.8.3/armv7-m\libgcc.a(_arm_addsubdf3.o)
                0x00006460                __aeabi_drsub
                0x00006468                __aeabi_dsub
                0x00006468                __subdf3
                0x0000646c                __aeabi_dadd
                0x0000646c                __adddf3
                0x000066e4                __floatunsidf
                0x000066e4                __aeabi_ui2d
                0x00006704                __floatsidf
                0x00006704                __aeabi_i2d
                0x00006728                __aeabi_f2d
                0x00006728                __extendsfdf2
                0x00006764                __floatundidf
                0x00006764                __aeabi_ul2d
                0x00006774                __floatdidf
                0x00006774                __aeabi_l2d
 .text          0x000067d0      0x424 c:/siliconlabs/simplicitystudio/v3/developer/toolchains/gnu_arm/4.8_2013q4/bin/../lib/gcc/arm-none-eabi/4.8.3/armv7-m\libgcc.a(_arm_muldivdf3.o)
                0x000067d0                __aeabi_dmul
                0x000067d0                __muldf3
                0x00006a24                __divdf3
                0x00006a24                __aeabi_ddiv
 .text          0x00006bf4      0x110 c:/siliconlabs/simplicitystudio/v3/developer/toolchains/gnu_arm/4.8_2013q4/bin/../lib/gcc/arm-none-eabi/4.8.3/armv7-m\libgcc.a(_arm_cmpdf2.o)
                0x00006bf4                __gtdf2
                0x00006bf4                __gedf2
                0x00006bfc                __ltdf2
                0x00006bfc                __ledf2
                0x00006c04                __nedf2
                0x00006c04                __eqdf2
                0x00006c04                __cmpdf2
                0x00006c80                __aeabi_cdrcmple
                0x00006c90                __aeabi_cdcmpeq
                0x00006c90                __aeabi_cdcmple
                0x00006ca0                __aeabi_dcmpeq
                0x00006cb4                __aeabi_dcmplt
                0x00006cc8                __aeabi_dcmple
                0x00006cdc                __aeabi_dcmpge
                0x00006cf0                __aeabi_dcmpgt
 .text          0x00006d04       0xa0 c:/siliconlabs/simplicitystudio/v3/developer/toolchains/gnu_arm/4.8_2013q4/bin/../lib/gcc/arm-none-eabi/4.8.3/armv7-m\libgcc.a(_arm_truncdfsf2.o)
                0x00006d04                __truncdfsf2
                0x00006d04                __aeabi_d2f
 .text          0x00006da4      0x21c c:/siliconlabs/simplicitystudio/v3/developer/toolchains/gnu_arm/4.8_2013q4/bin/../lib/gcc/arm-none-eabi/4.8.3/armv7-m\libgcc.a(_arm_addsubsf3.o)
                0x00006da4                __aeabi_frsub
                0x00006dac                __subsf3
                0x00006dac                __aeabi_fsub
                0x00006db0                __aeabi_fadd
                0x00006db0                __addsf3
                0x00006f10                __aeabi_ui2f
                0x00006f10                __floatunsisf
                0x00006f18                __aeabi_i2f
                0x00006f18                __floatsisf
                0x00006f34                __aeabi_ul2f
                0x00006f34                __floatundisf
                0x00006f44                __aeabi_l2f
                0x00006f44                __floatdisf
 .text          0x00006fc0      0x2a0 c:/siliconlabs/simplicitystudio/v3/developer/toolchains/gnu_arm/4.8_2013q4/bin/../lib/gcc/arm-none-eabi/4.8.3/armv7-m\libgcc.a(_arm_muldivsf3.o)
                0x00006fc0                __mulsf3
                0x00006fc0                __aeabi_fmul
                0x00007128                __aeabi_fdiv
                0x00007128                __divsf3
 .text          0x00007260       0xec c:/siliconlabs/simplicitystudio/v3/developer/toolchains/gnu_arm/4.8_2013q4/bin/../lib/gcc/arm-none-eabi/4.8.3/armv7-m\libgcc.a(_arm_cmpsf2.o)
                0x00007260                __gesf2
                0x00007260                __gtsf2
                0x00007268                __lesf2
                0x00007268                __ltsf2
                0x00007270                __nesf2
                0x00007270                __eqsf2
                0x00007270                __cmpsf2
                0x000072d0                __aeabi_cfrcmple
                0x000072d8                __aeabi_cfcmpeq
                0x000072d8                __aeabi_cfcmple
                0x000072e8                __aeabi_fcmpeq
                0x000072fc                __aeabi_fcmplt
                0x00007310                __aeabi_fcmple
                0x00007324                __aeabi_fcmpge
                0x00007338                __aeabi_fcmpgt
 .text          0x0000734c       0x40 c:/siliconlabs/simplicitystudio/v3/developer/toolchains/gnu_arm/4.8_2013q4/bin/../lib/gcc/arm-none-eabi/4.8.3/armv7-m\libgcc.a(_arm_fixunssfsi.o)
                0x0000734c                __fixunssfsi
                0x0000734c                __aeabi_f2uiz
 .text.exit     0x0000738c       0x28 c:/siliconlabs/simplicitystudio/v3/developer/toolchains/gnu_arm/4.8_2013q4/bin/../lib/gcc/arm-none-eabi/4.8.3/../../../../arm-none-eabi/lib/armv7-m\libc_s.a(lib_a-exit.o)
                0x0000738c                exit
 .text.__libc_init_array
                0x000073b4       0x4c c:/siliconlabs/simplicitystudio/v3/developer/toolchains/gnu_arm/4.8_2013q4/bin/../lib/gcc/arm-none-eabi/4.8.3/../../../../arm-none-eabi/lib/armv7-m\libc_s.a(lib_a-init.o)
                0x000073b4                __libc_init_array
 .text.memcpy   0x00007400       0x12 c:/siliconlabs/simplicitystudio/v3/developer/toolchains/gnu_arm/4.8_2013q4/bin/../lib/gcc/arm-none-eabi/4.8.3/../../../../arm-none-eabi/lib/armv7-m\libc_s.a(lib_a-memcpy-stub.o)
                0x00007400                memcpy
 .text.memset   0x00007412       0x10 c:/siliconlabs/simplicitystudio/v3/developer/toolchains/gnu_arm/4.8_2013q4/bin/../lib/gcc/arm-none-eabi/4.8.3/../../../../arm-none-eabi/lib/armv7-m\libc_s.a(lib_a-memset.o)
                0x00007412                memset
 *fill*         0x00007422        0x2 
 .text._exit    0x00007424        0x4 c:/siliconlabs/simplicitystudio/v3/developer/toolchains/gnu_arm/4.8_2013q4/bin/../lib/gcc/arm-none-eabi/4.8.3/../../../../arm-none-eabi/lib/armv7-m\libnosys.a(_exit.o)
                0x00007424                _exit
 *(.init)
 .init          0x00007428        0x4 c:/siliconlabs/simplicitystudio/v3/developer/toolchains/gnu_arm/4.8_2013q4/bin/../lib/gcc/arm-none-eabi/4.8.3/armv7-m/crti.o
                0x00007428                _init
 .init          0x0000742c        0x8 c:/siliconlabs/simplicitystudio/v3/developer/toolchains/gnu_arm/4.8_2013q4/bin/../lib/gcc/arm-none-eabi/4.8.3/armv7-m/crtn.o
 *(.fini)
 .fini          0x00007434        0x4 c:/siliconlabs/simplicitystudio/v3/developer/toolchains/gnu_arm/4.8_2013q4/bin/../lib/gcc/arm-none-eabi/4.8.3/armv7-m/crti.o
                0x00007434                _fini
 .fini          0x00007438        0x8 c:/siliconlabs/simplicitystudio/v3/developer/toolchains/gnu_arm/4.8_2013q4/bin/../lib/gcc/arm-none-eabi/4.8.3/armv7-m/crtn.o
 *crtbegin.o(.ctors)
 *crtbegin?.o(.ctors)
 *(EXCLUDE_FILE(*crtend.o *crtend?.o) .ctors)
 *(SORT(.ctors.*))
 *(.ctors)
 *crtbegin.o(.dtors)
 *crtbegin?.o(.dtors)
 *(EXCLUDE_FILE(*crtend.o *crtend?.o) .dtors)
 *(SORT(.dtors.*))
 *(.dtors)
 *(.rodata*)
 .rodata.i2cNSum
                0x00007440        0x4 ./emlib/em_i2c.o
 .rodata        0x00007444        0x8 ./Source Files/dev_plat/tpos/tpos_tasks.o
 .rodata        0x0000744c       0x18 ./Source Files/dev_plat/tpos/tpos_timers.o
 .rodata        0x00007464       0x64 ./Source Files/app_plat/InitDevice.o
 .rodata        0x000074c8       0x34 ./Source Files/app_plat/main.o
 .rodata.str1.1
                0x000074fc        0x2 c:/siliconlabs/simplicitystudio/v3/developer/toolchains/gnu_arm/4.8_2013q4/bin/../lib/gcc/arm-none-eabi/4.8.3/../../../../arm-none-eabi/lib/armv7-m\libc_s.a(lib_a-impure.o)
 *fill*         0x000074fe        0x2 
 .rodata._global_impure_ptr
                0x00007500        0x4 c:/siliconlabs/simplicitystudio/v3/developer/toolchains/gnu_arm/4.8_2013q4/bin/../lib/gcc/arm-none-eabi/4.8.3/../../../../arm-none-eabi/lib/armv7-m\libc_s.a(lib_a-impure.o)
                0x00007500                _global_impure_ptr
 *(.eh_frame*)
 .eh_frame      0x00007504        0x0 c:/siliconlabs/simplicitystudio/v3/developer/toolchains/gnu_arm/4.8_2013q4/bin/../lib/gcc/arm-none-eabi/4.8.3/armv7-m/crtbegin.o
 .eh_frame      0x00007504        0x4 c:/siliconlabs/simplicitystudio/v3/developer/toolchains/gnu_arm/4.8_2013q4/bin/../lib/gcc/arm-none-eabi/4.8.3/armv7-m/crtend.o

.glue_7         0x00007508        0x0
 .glue_7        0x00000000        0x0 linker stubs

.glue_7t        0x00007508        0x0
 .glue_7t       0x00000000        0x0 linker stubs

.vfp11_veneer   0x00007508        0x0
 .vfp11_veneer  0x00000000        0x0 linker stubs

.v4_bx          0x00007508        0x0
 .v4_bx         0x00000000        0x0 linker stubs

.iplt           0x00007508        0x0
 .iplt          0x00000000        0x0 c:/siliconlabs/simplicitystudio/v3/developer/toolchains/gnu_arm/4.8_2013q4/bin/../lib/gcc/arm-none-eabi/4.8.3/armv7-m/crtbegin.o

.ARM.extab
 *(.ARM.extab* .gnu.linkonce.armextab.*)
                0x00007508                __exidx_start = .

.ARM.exidx      0x00007508        0x8
 *(.ARM.exidx* .gnu.linkonce.armexidx.*)
 .ARM.exidx     0x00007508        0x8 c:/siliconlabs/simplicitystudio/v3/developer/toolchains/gnu_arm/4.8_2013q4/bin/../lib/gcc/arm-none-eabi/4.8.3/../../../../arm-none-eabi/lib/armv7-m/crt0.o
                0x00007510                __exidx_end = .
                0x00007510                __etext = .

.rel.dyn        0x00007510        0x0
 .rel.iplt      0x00000000        0x0 c:/siliconlabs/simplicitystudio/v3/developer/toolchains/gnu_arm/4.8_2013q4/bin/../lib/gcc/arm-none-eabi/4.8.3/armv7-m/crtbegin.o

.data           0x20000000       0x7c load address 0x00007510
                0x20000000                __data_start__ = .
 *(vtable)
 *(.data*)
 .data.uxCriticalNesting
                0x20000000        0x4 ./Source Files/dev_plat/tpos/tpos_port.o
 .data.xNextTaskUnblockTime
                0x20000004        0x4 ./Source Files/dev_plat/tpos/tpos_tasks.o
 .data.SystemHFXOClock
                0x20000008        0x4 ./CMSIS/efm32g/system_efm32g.o
 .data.SystemLFXOClock
                0x2000000c        0x4 ./CMSIS/efm32g/system_efm32g.o
 .data.impure_data
                0x20000010       0x60 c:/siliconlabs/simplicitystudio/v3/developer/toolchains/gnu_arm/4.8_2013q4/bin/../lib/gcc/arm-none-eabi/4.8.3/../../../../arm-none-eabi/lib/armv7-m\libc_s.a(lib_a-impure.o)
                0x20000070                . = ALIGN (0x4)
 *(.ram)
                0x20000070                . = ALIGN (0x4)
                0x20000070                PROVIDE (__preinit_array_start, .)
 *(.preinit_array)
                0x20000070                PROVIDE (__preinit_array_end, .)
                0x20000070                . = ALIGN (0x4)
                0x20000070                PROVIDE (__init_array_start, .)
 *(SORT(.init_array.*))
 *(.init_array)
 .init_array    0x20000070        0x4 c:/siliconlabs/simplicitystudio/v3/developer/toolchains/gnu_arm/4.8_2013q4/bin/../lib/gcc/arm-none-eabi/4.8.3/armv7-m/crtbegin.o
                0x20000074                PROVIDE (__init_array_end, .)
                0x20000074                . = ALIGN (0x4)
                0x20000074                PROVIDE (__fini_array_start, .)
 *(SORT(.fini_array.*))
 *(.fini_array)
 .fini_array    0x20000074        0x4 c:/siliconlabs/simplicitystudio/v3/developer/toolchains/gnu_arm/4.8_2013q4/bin/../lib/gcc/arm-none-eabi/4.8.3/armv7-m/crtbegin.o
                0x20000078                PROVIDE (__fini_array_end, .)
 *(.jcr*)
 .jcr           0x20000078        0x0 c:/siliconlabs/simplicitystudio/v3/developer/toolchains/gnu_arm/4.8_2013q4/bin/../lib/gcc/arm-none-eabi/4.8.3/armv7-m/crtbegin.o
 .jcr           0x20000078        0x4 c:/siliconlabs/simplicitystudio/v3/developer/toolchains/gnu_arm/4.8_2013q4/bin/../lib/gcc/arm-none-eabi/4.8.3/armv7-m/crtend.o
                0x2000007c                . = ALIGN (0x4)
                0x2000007c                __data_end__ = .

.igot.plt       0x2000007c        0x0 load address 0x0000758c
 .igot.plt      0x00000000        0x0 c:/siliconlabs/simplicitystudio/v3/developer/toolchains/gnu_arm/4.8_2013q4/bin/../lib/gcc/arm-none-eabi/4.8.3/armv7-m/crtbegin.o

.bss            0x20000100     0x2ce4 load address 0x00007700
                0x20000100                . = ALIGN (0x4)
                0x20000100                __bss_start__ = .
 *(.bss*)
 .bss           0x20000100       0x1c c:/siliconlabs/simplicitystudio/v3/developer/toolchains/gnu_arm/4.8_2013q4/bin/../lib/gcc/arm-none-eabi/4.8.3/armv7-m/crtbegin.o
 .bss.cmuStatus
                0x2000011c        0x4 ./emlib/em_emu.o
 .bss.i2cTransfer
                0x20000120        0xc ./emlib/em_i2c.o
 .bss.INT_LockCnt
                0x2000012c        0x4 ./emlib/em_int.o
                0x2000012c                INT_LockCnt
 .bss.sleepCallback
                0x20000130        0x4 ./Source Files/dev_plat/tpos/sleep.o
 .bss.wakeUpCallback
                0x20000134        0x4 ./Source Files/dev_plat/tpos/sleep.o
 .bss.sleepBlockCnt
                0x20000138        0x4 ./Source Files/dev_plat/tpos/sleep.o
 .bss.ucHeap    0x2000013c     0x2328 ./Source Files/dev_plat/tpos/tpos_heap_1.o
 .bss.xNextFreeByte
                0x20002464        0x4 ./Source Files/dev_plat/tpos/tpos_heap_1.o
 .bss.pucAlignedHeap.4247
                0x20002468        0x4 ./Source Files/dev_plat/tpos/tpos_heap_1.o
 .bss.ucMaxSysCallPriority
                0x2000246c        0x1 ./Source Files/dev_plat/tpos/tpos_port.o
 *fill*         0x2000246d        0x3 
 .bss.ulMaxPRIGROUPValue
                0x20002470        0x4 ./Source Files/dev_plat/tpos/tpos_port.o
 .bss.pxCurrentTCB
                0x20002474        0x4 ./Source Files/dev_plat/tpos/tpos_tasks.o
                0x20002474                pxCurrentTCB
 .bss.pxReadyTasksLists
                0x20002478       0x3c ./Source Files/dev_plat/tpos/tpos_tasks.o
 .bss.xDelayedTaskList1
                0x200024b4       0x14 ./Source Files/dev_plat/tpos/tpos_tasks.o
 .bss.xDelayedTaskList2
                0x200024c8       0x14 ./Source Files/dev_plat/tpos/tpos_tasks.o
 .bss.pxDelayedTaskList
                0x200024dc        0x4 ./Source Files/dev_plat/tpos/tpos_tasks.o
 .bss.pxOverflowDelayedTaskList
                0x200024e0        0x4 ./Source Files/dev_plat/tpos/tpos_tasks.o
 .bss.xPendingReadyList
                0x200024e4       0x14 ./Source Files/dev_plat/tpos/tpos_tasks.o
 .bss.xTasksWaitingTermination
                0x200024f8       0x14 ./Source Files/dev_plat/tpos/tpos_tasks.o
 .bss.uxTasksDeleted
                0x2000250c        0x4 ./Source Files/dev_plat/tpos/tpos_tasks.o
 .bss.xSuspendedTaskList
                0x20002510       0x14 ./Source Files/dev_plat/tpos/tpos_tasks.o
 .bss.uxCurrentNumberOfTasks
                0x20002524        0x4 ./Source Files/dev_plat/tpos/tpos_tasks.o
 .bss.xTickCount
                0x20002528        0x4 ./Source Files/dev_plat/tpos/tpos_tasks.o
 .bss.uxTopReadyPriority
                0x2000252c        0x4 ./Source Files/dev_plat/tpos/tpos_tasks.o
 .bss.xSchedulerRunning
                0x20002530        0x4 ./Source Files/dev_plat/tpos/tpos_tasks.o
 .bss.uxPendedTicks
                0x20002534        0x4 ./Source Files/dev_plat/tpos/tpos_tasks.o
 .bss.xYieldPending
                0x20002538        0x4 ./Source Files/dev_plat/tpos/tpos_tasks.o
 .bss.xNumOfOverflows
                0x2000253c        0x4 ./Source Files/dev_plat/tpos/tpos_tasks.o
 .bss.uxTaskNumber
                0x20002540        0x4 ./Source Files/dev_plat/tpos/tpos_tasks.o
 .bss.uxSchedulerSuspended
                0x20002544        0x4 ./Source Files/dev_plat/tpos/tpos_tasks.o
 .bss.systick_in_10ms
                0x20002548        0x4 ./Source Files/dev_plat/tpos/tpos_timers.o
                0x20002548                systick_in_10ms
 .bss.xActiveTimerList1
                0x2000254c       0x14 ./Source Files/dev_plat/tpos/tpos_timers.o
 .bss.xActiveTimerList2
                0x20002560       0x14 ./Source Files/dev_plat/tpos/tpos_timers.o
 .bss.pxCurrentTimerList
                0x20002574        0x4 ./Source Files/dev_plat/tpos/tpos_timers.o
 .bss.pxOverflowTimerList
                0x20002578        0x4 ./Source Files/dev_plat/tpos/tpos_timers.o
 .bss.xTimerQueue
                0x2000257c        0x4 ./Source Files/dev_plat/tpos/tpos_timers.o
 .bss.xLastTime.7907
                0x20002580        0x4 ./Source Files/dev_plat/tpos/tpos_timers.o
 .bss.wcount    0x20002584        0x1 ./Source Files/dev_plat/driver/RS232/rs_232.o
 .bss.rcount    0x20002585        0x1 ./Source Files/dev_plat/driver/RS232/rs_232.o
 *(COMMON)
 *fill*         0x20002586       0x7a 
 COMMON         0x20002600      0x100 ./emlib/dmactrl.o
                0x20002600                dmaControlBlock
 COMMON         0x20002700       0x24 ./Source Files/dev_plat/var.o
                0x20002700                gSystemInfo
 COMMON         0x20002724       0x50 ./Source Files/dev_plat/tpos/tpos_queue.o
                0x20002724                xQueueRegistry
 COMMON         0x20002774        0x4 ./Source Files/dev_plat/tpos/tpos_timers.o
                0x20002774                SysTimer_10ms
 COMMON         0x20002778      0x658 ./Source Files/dev_plat/driver/RS232/rs_232.o
                0x20002778                DrvGPS232Channel
                0x20002c3c                rtmp
                0x20002d04                size
                0x20002d08                wtmp
 COMMON         0x20002dd0       0x10 ./Source Files/app_plat/main.o
                0x20002dd0                Sem_duanlu
                0x20002dd4                i
                0x20002dd8                Sem_lowbat
                0x20002ddc                Sem_jiedi
 COMMON         0x20002de0        0x4 ./CMSIS/efm32g/system_efm32g.o
                0x20002de0                SystemCoreClock
                0x20002de4                . = ALIGN (0x4)
                0x20002de4                __bss_end__ = .

.heap           0x20002de8      0xc00
                0x20002de8                __HeapBase = .
                0x20002de8                __end__ = .
                0x20002de8                end = __end__
                0x20002de8                _end = __end__
 *(.heap*)
 .heap          0x20002de8      0xc00 ./CMSIS/efm32g/startup_gcc_efm32g.o
                0x200039e8                __HeapLimit = .

.stack_dummy    0x20002de8      0x400
 *(.stack*)
 .stack         0x20002de8      0x400 ./CMSIS/efm32g/startup_gcc_efm32g.o
                0x20004000                __StackTop = (ORIGIN (RAM) + 0x4000)
                0x20003c00                __StackLimit = (__StackTop - SIZEOF (.stack_dummy))
                0x20004000                PROVIDE (__stack, __StackTop)
                0x00000001                ASSERT ((__StackLimit >= __HeapLimit), region RAM overflowed with stack)
                0x00000001                ASSERT ((0x20000 >= (__etext + SIZEOF (.data))), FLASH memory overflowed !)
OUTPUT(Collector_v1.0.axf elf32-littlearm)

.ARM.attributes
                0x00000000       0x29
 .ARM.attributes
                0x00000000       0x1d c:/siliconlabs/simplicitystudio/v3/developer/toolchains/gnu_arm/4.8_2013q4/bin/../lib/gcc/arm-none-eabi/4.8.3/armv7-m/crti.o
 .ARM.attributes
                0x0000001d       0x2d c:/siliconlabs/simplicitystudio/v3/developer/toolchains/gnu_arm/4.8_2013q4/bin/../lib/gcc/arm-none-eabi/4.8.3/armv7-m/crtbegin.o
 .ARM.attributes
                0x0000004a       0x1b c:/siliconlabs/simplicitystudio/v3/developer/toolchains/gnu_arm/4.8_2013q4/bin/../lib/gcc/arm-none-eabi/4.8.3/../../../../arm-none-eabi/lib/armv7-m/crt0.o
 .ARM.attributes
                0x00000065       0x33 ./emlib/dmactrl.o
 .ARM.attributes
                0x00000098       0x33 ./emlib/em_adc.o
 .ARM.attributes
                0x000000cb       0x33 ./emlib/em_cmu.o
 .ARM.attributes
                0x000000fe       0x33 ./emlib/em_dma.o
 .ARM.attributes
                0x00000131       0x33 ./emlib/em_emu.o
 .ARM.attributes
                0x00000164       0x33 ./emlib/em_gpio.o
 .ARM.attributes
                0x00000197       0x33 ./emlib/em_i2c.o
 .ARM.attributes
                0x000001ca       0x33 ./emlib/em_int.o
 .ARM.attributes
                0x000001fd       0x33 ./emlib/em_leuart.o
 .ARM.attributes
                0x00000230       0x33 ./emlib/em_rtc.o
 .ARM.attributes
                0x00000263       0x33 ./emlib/em_system.o
 .ARM.attributes
                0x00000296       0x33 ./emlib/em_timer.o
 .ARM.attributes
                0x000002c9       0x33 ./emlib/em_usart.o
 .ARM.attributes
                0x000002fc       0x33 ./emlib/em_wdog.o
 .ARM.attributes
                0x0000032f       0x33 ./Source Files/dev_plat/var.o
 .ARM.attributes
                0x00000362       0x33 ./Source Files/dev_plat/tpos/low_power_tick_management.o
 .ARM.attributes
                0x00000395       0x33 ./Source Files/dev_plat/tpos/sleep.o
 .ARM.attributes
                0x000003c8       0x33 ./Source Files/dev_plat/tpos/tpos_heap_1.o
 .ARM.attributes
                0x000003fb       0x33 ./Source Files/dev_plat/tpos/tpos_list.o
 .ARM.attributes
                0x0000042e       0x33 ./Source Files/dev_plat/tpos/tpos_port.o
 .ARM.attributes
                0x00000461       0x33 ./Source Files/dev_plat/tpos/tpos_queue.o
 .ARM.attributes
                0x00000494       0x33 ./Source Files/dev_plat/tpos/tpos_tasks.o
 .ARM.attributes
                0x000004c7       0x33 ./Source Files/dev_plat/tpos/tpos_timers.o
 .ARM.attributes
                0x000004fa       0x33 ./Source Files/dev_plat/fun/fun_data.o
 .ARM.attributes
                0x0000052d       0x33 ./Source Files/dev_plat/driver/RS232/rs_232.o
 .ARM.attributes
                0x00000560       0x33 ./Source Files/dev_plat/driver/R8025T/R8025t.o
 .ARM.attributes
                0x00000593       0x33 ./Source Files/app_plat/InitDevice.o
 .ARM.attributes
                0x000005c6       0x33 ./Source Files/app_plat/app_task.o
 .ARM.attributes
                0x000005f9       0x33 ./Source Files/app_plat/interrupt.o
 .ARM.attributes
                0x0000062c       0x33 ./Source Files/app_plat/main.o
 .ARM.attributes
                0x0000065f       0x1b ./CMSIS/efm32g/startup_gcc_efm32g.o
 .ARM.attributes
                0x0000067a       0x33 ./CMSIS/efm32g/system_efm32g.o
 .ARM.attributes
                0x000006ad       0x1d c:/siliconlabs/simplicitystudio/v3/developer/toolchains/gnu_arm/4.8_2013q4/bin/../lib/gcc/arm-none-eabi/4.8.3/armv7-m\libgcc.a(_arm_addsubdf3.o)
 .ARM.attributes
                0x000006ca       0x1d c:/siliconlabs/simplicitystudio/v3/developer/toolchains/gnu_arm/4.8_2013q4/bin/../lib/gcc/arm-none-eabi/4.8.3/armv7-m\libgcc.a(_arm_muldivdf3.o)
 .ARM.attributes
                0x000006e7       0x1d c:/siliconlabs/simplicitystudio/v3/developer/toolchains/gnu_arm/4.8_2013q4/bin/../lib/gcc/arm-none-eabi/4.8.3/armv7-m\libgcc.a(_arm_cmpdf2.o)
 .ARM.attributes
                0x00000704       0x1d c:/siliconlabs/simplicitystudio/v3/developer/toolchains/gnu_arm/4.8_2013q4/bin/../lib/gcc/arm-none-eabi/4.8.3/armv7-m\libgcc.a(_arm_truncdfsf2.o)
 .ARM.attributes
                0x00000721       0x1d c:/siliconlabs/simplicitystudio/v3/developer/toolchains/gnu_arm/4.8_2013q4/bin/../lib/gcc/arm-none-eabi/4.8.3/armv7-m\libgcc.a(_arm_addsubsf3.o)
 .ARM.attributes
                0x0000073e       0x1d c:/siliconlabs/simplicitystudio/v3/developer/toolchains/gnu_arm/4.8_2013q4/bin/../lib/gcc/arm-none-eabi/4.8.3/armv7-m\libgcc.a(_arm_muldivsf3.o)
 .ARM.attributes
                0x0000075b       0x1d c:/siliconlabs/simplicitystudio/v3/developer/toolchains/gnu_arm/4.8_2013q4/bin/../lib/gcc/arm-none-eabi/4.8.3/armv7-m\libgcc.a(_arm_cmpsf2.o)
 .ARM.attributes
                0x00000778       0x1d c:/siliconlabs/simplicitystudio/v3/developer/toolchains/gnu_arm/4.8_2013q4/bin/../lib/gcc/arm-none-eabi/4.8.3/armv7-m\libgcc.a(_arm_fixunssfsi.o)
 .ARM.attributes
                0x00000795       0x2d c:/siliconlabs/simplicitystudio/v3/developer/toolchains/gnu_arm/4.8_2013q4/bin/../lib/gcc/arm-none-eabi/4.8.3/../../../../arm-none-eabi/lib/armv7-m\libc_s.a(lib_a-exit.o)
 .ARM.attributes
                0x000007c2       0x2d c:/siliconlabs/simplicitystudio/v3/developer/toolchains/gnu_arm/4.8_2013q4/bin/../lib/gcc/arm-none-eabi/4.8.3/../../../../arm-none-eabi/lib/armv7-m\libc_s.a(lib_a-impure.o)
 .ARM.attributes
                0x000007ef       0x2d c:/siliconlabs/simplicitystudio/v3/developer/toolchains/gnu_arm/4.8_2013q4/bin/../lib/gcc/arm-none-eabi/4.8.3/../../../../arm-none-eabi/lib/armv7-m\libc_s.a(lib_a-init.o)
 .ARM.attributes
                0x0000081c       0x2d c:/siliconlabs/simplicitystudio/v3/developer/toolchains/gnu_arm/4.8_2013q4/bin/../lib/gcc/arm-none-eabi/4.8.3/../../../../arm-none-eabi/lib/armv7-m\libc_s.a(lib_a-memcpy-stub.o)
 .ARM.attributes
                0x00000849       0x2d c:/siliconlabs/simplicitystudio/v3/developer/toolchains/gnu_arm/4.8_2013q4/bin/../lib/gcc/arm-none-eabi/4.8.3/../../../../arm-none-eabi/lib/armv7-m\libc_s.a(lib_a-memset.o)
 .ARM.attributes
                0x00000876       0x2d c:/siliconlabs/simplicitystudio/v3/developer/toolchains/gnu_arm/4.8_2013q4/bin/../lib/gcc/arm-none-eabi/4.8.3/../../../../arm-none-eabi/lib/armv7-m\libnosys.a(_exit.o)
 .ARM.attributes
                0x000008a3       0x2d c:/siliconlabs/simplicitystudio/v3/developer/toolchains/gnu_arm/4.8_2013q4/bin/../lib/gcc/arm-none-eabi/4.8.3/armv7-m/crtend.o
 .ARM.attributes
                0x000008d0       0x1d c:/siliconlabs/simplicitystudio/v3/developer/toolchains/gnu_arm/4.8_2013q4/bin/../lib/gcc/arm-none-eabi/4.8.3/armv7-m/crtn.o

.comment        0x00000000       0x70
 .comment       0x00000000       0x70 ./emlib/dmactrl.o
                                 0x71 (size before relaxing)
 .comment       0x00000000       0x71 ./emlib/em_adc.o
 .comment       0x00000000       0x71 ./emlib/em_cmu.o
 .comment       0x00000000       0x71 ./emlib/em_dma.o
 .comment       0x00000000       0x71 ./emlib/em_emu.o
 .comment       0x00000000       0x71 ./emlib/em_gpio.o
 .comment       0x00000000       0x71 ./emlib/em_i2c.o
 .comment       0x00000000       0x71 ./emlib/em_int.o
 .comment       0x00000000       0x71 ./emlib/em_leuart.o
 .comment       0x00000000       0x71 ./emlib/em_rtc.o
 .comment       0x00000000       0x71 ./emlib/em_system.o
 .comment       0x00000000       0x71 ./emlib/em_timer.o
 .comment       0x00000000       0x71 ./emlib/em_usart.o
 .comment       0x00000000       0x71 ./emlib/em_wdog.o
 .comment       0x00000000       0x71 ./Source Files/dev_plat/var.o
 .comment       0x00000000       0x71 ./Source Files/dev_plat/tpos/low_power_tick_management.o
 .comment       0x00000000       0x71 ./Source Files/dev_plat/tpos/sleep.o
 .comment       0x00000000       0x71 ./Source Files/dev_plat/tpos/tpos_heap_1.o
 .comment       0x00000000       0x71 ./Source Files/dev_plat/tpos/tpos_list.o
 .comment       0x00000000       0x71 ./Source Files/dev_plat/tpos/tpos_port.o
 .comment       0x00000000       0x71 ./Source Files/dev_plat/tpos/tpos_queue.o
 .comment       0x00000000       0x71 ./Source Files/dev_plat/tpos/tpos_tasks.o
 .comment       0x00000000       0x71 ./Source Files/dev_plat/tpos/tpos_timers.o
 .comment       0x00000000       0x71 ./Source Files/dev_plat/fun/fun_data.o
 .comment       0x00000000       0x71 ./Source Files/dev_plat/driver/RS232/rs_232.o
 .comment       0x00000000       0x71 ./Source Files/dev_plat/driver/R8025T/R8025t.o
 .comment       0x00000000       0x71 ./Source Files/app_plat/InitDevice.o
 .comment       0x00000000       0x71 ./Source Files/app_plat/app_task.o
 .comment       0x00000000       0x71 ./Source Files/app_plat/interrupt.o
 .comment       0x00000000       0x71 ./Source Files/app_plat/main.o
 .comment       0x00000000       0x71 ./CMSIS/efm32g/system_efm32g.o

.debug_info     0x00000000     0xf468
 .debug_info    0x00000000      0x113 ./emlib/dmactrl.o
 .debug_info    0x00000113      0xa06 ./emlib/em_adc.o
 .debug_info    0x00000b19      0xfc5 ./emlib/em_cmu.o
 .debug_info    0x00001ade     0x10c0 ./emlib/em_dma.o
 .debug_info    0x00002b9e      0x954 ./emlib/em_emu.o
 .debug_info    0x000034f2      0x599 ./emlib/em_gpio.o
 .debug_info    0x00003a8b      0x7fd ./emlib/em_i2c.o
 .debug_info    0x00004288       0xa6 ./emlib/em_int.o
 .debug_info    0x0000432e      0x7b7 ./emlib/em_leuart.o
 .debug_info    0x00004ae5      0x363 ./emlib/em_rtc.o
 .debug_info    0x00004e48      0x245 ./emlib/em_system.o
 .debug_info    0x0000508d      0x897 ./emlib/em_timer.o
 .debug_info    0x00005924      0xc83 ./emlib/em_usart.o
 .debug_info    0x000065a7      0x352 ./emlib/em_wdog.o
 .debug_info    0x000068f9      0x1b8 ./Source Files/dev_plat/var.o
 .debug_info    0x00006ab1      0x884 ./Source Files/dev_plat/tpos/low_power_tick_management.o
 .debug_info    0x00007335      0x5db ./Source Files/dev_plat/tpos/sleep.o
 .debug_info    0x00007910      0x17e ./Source Files/dev_plat/tpos/tpos_heap_1.o
 .debug_info    0x00007a8e      0x2c5 ./Source Files/dev_plat/tpos/tpos_list.o
 .debug_info    0x00007d53      0x358 ./Source Files/dev_plat/tpos/tpos_port.o
 .debug_info    0x000080ab      0xabe ./Source Files/dev_plat/tpos/tpos_queue.o
 .debug_info    0x00008b69     0x112c ./Source Files/dev_plat/tpos/tpos_tasks.o
 .debug_info    0x00009c95      0x900 ./Source Files/dev_plat/tpos/tpos_timers.o
 .debug_info    0x0000a595      0x32c ./Source Files/dev_plat/fun/fun_data.o
 .debug_info    0x0000a8c1      0x60a ./Source Files/dev_plat/driver/RS232/rs_232.o
 .debug_info    0x0000aecb      0x57e ./Source Files/dev_plat/driver/R8025T/R8025t.o
 .debug_info    0x0000b449     0x241d ./Source Files/app_plat/InitDevice.o
 .debug_info    0x0000d866      0x8b3 ./Source Files/app_plat/app_task.o
 .debug_info    0x0000e119      0x685 ./Source Files/app_plat/interrupt.o
 .debug_info    0x0000e79e      0x6ca ./Source Files/app_plat/main.o
 .debug_info    0x0000ee68       0x8a ./CMSIS/efm32g/startup_gcc_efm32g.o
 .debug_info    0x0000eef2      0x576 ./CMSIS/efm32g/system_efm32g.o

.debug_abbrev   0x00000000     0x31eb
 .debug_abbrev  0x00000000       0x98 ./emlib/dmactrl.o
 .debug_abbrev  0x00000098      0x1b0 ./emlib/em_adc.o
 .debug_abbrev  0x00000248      0x2a5 ./emlib/em_cmu.o
 .debug_abbrev  0x000004ed      0x23b ./emlib/em_dma.o
 .debug_abbrev  0x00000728      0x1e1 ./emlib/em_emu.o
 .debug_abbrev  0x00000909      0x1cf ./emlib/em_gpio.o
 .debug_abbrev  0x00000ad8      0x24c ./emlib/em_i2c.o
 .debug_abbrev  0x00000d24       0x5c ./emlib/em_int.o
 .debug_abbrev  0x00000d80      0x1bb ./emlib/em_leuart.o
 .debug_abbrev  0x00000f3b      0x180 ./emlib/em_rtc.o
 .debug_abbrev  0x000010bb       0xef ./emlib/em_system.o
 .debug_abbrev  0x000011aa      0x18c ./emlib/em_timer.o
 .debug_abbrev  0x00001336      0x1d2 ./emlib/em_usart.o
 .debug_abbrev  0x00001508      0x11b ./emlib/em_wdog.o
 .debug_abbrev  0x00001623       0x60 ./Source Files/dev_plat/var.o
 .debug_abbrev  0x00001683      0x1b5 ./Source Files/dev_plat/tpos/low_power_tick_management.o
 .debug_abbrev  0x00001838      0x29b ./Source Files/dev_plat/tpos/sleep.o
 .debug_abbrev  0x00001ad3       0xf0 ./Source Files/dev_plat/tpos/tpos_heap_1.o
 .debug_abbrev  0x00001bc3       0xc0 ./Source Files/dev_plat/tpos/tpos_list.o
 .debug_abbrev  0x00001c83      0x1cf ./Source Files/dev_plat/tpos/tpos_port.o
 .debug_abbrev  0x00001e52      0x1cb ./Source Files/dev_plat/tpos/tpos_queue.o
 .debug_abbrev  0x0000201d      0x2bc ./Source Files/dev_plat/tpos/tpos_tasks.o
 .debug_abbrev  0x000022d9      0x230 ./Source Files/dev_plat/tpos/tpos_timers.o
 .debug_abbrev  0x00002509       0xf9 ./Source Files/dev_plat/fun/fun_data.o
 .debug_abbrev  0x00002602      0x181 ./Source Files/dev_plat/driver/RS232/rs_232.o
 .debug_abbrev  0x00002783      0x1a5 ./Source Files/dev_plat/driver/R8025T/R8025t.o
 .debug_abbrev  0x00002928      0x25d ./Source Files/app_plat/InitDevice.o
 .debug_abbrev  0x00002b85      0x170 ./Source Files/app_plat/app_task.o
 .debug_abbrev  0x00002cf5      0x133 ./Source Files/app_plat/interrupt.o
 .debug_abbrev  0x00002e28      0x20a ./Source Files/app_plat/main.o
 .debug_abbrev  0x00003032       0x14 ./CMSIS/efm32g/startup_gcc_efm32g.o
 .debug_abbrev  0x00003046      0x1a5 ./CMSIS/efm32g/system_efm32g.o

.debug_aranges  0x00000000      0xe58
 .debug_aranges
                0x00000000       0x18 ./emlib/dmactrl.o
 .debug_aranges
                0x00000018       0x50 ./emlib/em_adc.o
 .debug_aranges
                0x00000068      0x120 ./emlib/em_cmu.o
 .debug_aranges
                0x00000188       0xb0 ./emlib/em_dma.o
 .debug_aranges
                0x00000238       0x78 ./emlib/em_emu.o
 .debug_aranges
                0x000002b0       0x60 ./emlib/em_gpio.o
 .debug_aranges
                0x00000310       0x60 ./emlib/em_i2c.o
 .debug_aranges
                0x00000370       0x18 ./emlib/em_int.o
 .debug_aranges
                0x00000388       0x88 ./emlib/em_leuart.o
 .debug_aranges
                0x00000410       0x60 ./emlib/em_rtc.o
 .debug_aranges
                0x00000470       0x28 ./emlib/em_system.o
 .debug_aranges
                0x00000498       0x50 ./emlib/em_timer.o
 .debug_aranges
                0x000004e8       0xb8 ./emlib/em_usart.o
 .debug_aranges
                0x000005a0       0x40 ./emlib/em_wdog.o
 .debug_aranges
                0x000005e0       0x18 ./Source Files/dev_plat/var.o
 .debug_aranges
                0x000005f8       0x60 ./Source Files/dev_plat/tpos/low_power_tick_management.o
 .debug_aranges
                0x00000658       0x80 ./Source Files/dev_plat/tpos/sleep.o
 .debug_aranges
                0x000006d8       0x38 ./Source Files/dev_plat/tpos/tpos_heap_1.o
 .debug_aranges
                0x00000710       0x40 ./Source Files/dev_plat/tpos/tpos_list.o
 .debug_aranges
                0x00000750       0x90 ./Source Files/dev_plat/tpos/tpos_port.o
 .debug_aranges
                0x000007e0       0xc8 ./Source Files/dev_plat/tpos/tpos_queue.o
 .debug_aranges
                0x000008a8      0x170 ./Source Files/dev_plat/tpos/tpos_tasks.o
 .debug_aranges
                0x00000a18       0xa8 ./Source Files/dev_plat/tpos/tpos_timers.o
 .debug_aranges
                0x00000ac0       0x58 ./Source Files/dev_plat/fun/fun_data.o
 .debug_aranges
                0x00000b18       0x50 ./Source Files/dev_plat/driver/RS232/rs_232.o
 .debug_aranges
                0x00000b68       0x48 ./Source Files/dev_plat/driver/R8025T/R8025t.o
 .debug_aranges
                0x00000bb0      0x138 ./Source Files/app_plat/InitDevice.o
 .debug_aranges
                0x00000ce8       0x48 ./Source Files/app_plat/app_task.o
 .debug_aranges
                0x00000d30       0x48 ./Source Files/app_plat/interrupt.o
 .debug_aranges
                0x00000d78       0x50 ./Source Files/app_plat/main.o
 .debug_aranges
                0x00000dc8       0x20 ./CMSIS/efm32g/startup_gcc_efm32g.o
 .debug_aranges
                0x00000de8       0x70 ./CMSIS/efm32g/system_efm32g.o

.debug_line     0x00000000     0x704b
 .debug_line    0x00000000      0x16f ./emlib/dmactrl.o
 .debug_line    0x0000016f      0x2e7 ./emlib/em_adc.o
 .debug_line    0x00000456      0x715 ./emlib/em_cmu.o
 .debug_line    0x00000b6b      0x482 ./emlib/em_dma.o
 .debug_line    0x00000fed      0x399 ./emlib/em_emu.o
 .debug_line    0x00001386      0x315 ./emlib/em_gpio.o
 .debug_line    0x0000169b      0x37f ./emlib/em_i2c.o
 .debug_line    0x00001a1a       0xf6 ./emlib/em_int.o
 .debug_line    0x00001b10      0x35e ./emlib/em_leuart.o
 .debug_line    0x00001e6e      0x2b7 ./emlib/em_rtc.o
 .debug_line    0x00002125      0x210 ./emlib/em_system.o
 .debug_line    0x00002335      0x474 ./emlib/em_timer.o
 .debug_line    0x000027a9      0x499 ./emlib/em_usart.o
 .debug_line    0x00002c42      0x264 ./emlib/em_wdog.o
 .debug_line    0x00002ea6       0xcf ./Source Files/dev_plat/var.o
 .debug_line    0x00002f75      0x324 ./Source Files/dev_plat/tpos/low_power_tick_management.o
 .debug_line    0x00003299      0x3b4 ./Source Files/dev_plat/tpos/sleep.o
 .debug_line    0x0000364d      0x190 ./Source Files/dev_plat/tpos/tpos_heap_1.o
 .debug_line    0x000037dd      0x198 ./Source Files/dev_plat/tpos/tpos_list.o
 .debug_line    0x00003975      0x2be ./Source Files/dev_plat/tpos/tpos_port.o
 .debug_line    0x00003c33      0x55f ./Source Files/dev_plat/tpos/tpos_queue.o
 .debug_line    0x00004192      0x9a5 ./Source Files/dev_plat/tpos/tpos_tasks.o
 .debug_line    0x00004b37      0x427 ./Source Files/dev_plat/tpos/tpos_timers.o
 .debug_line    0x00004f5e      0x2d4 ./Source Files/dev_plat/fun/fun_data.o
 .debug_line    0x00005232      0x34c ./Source Files/dev_plat/driver/RS232/rs_232.o
 .debug_line    0x0000557e      0x37f ./Source Files/dev_plat/driver/R8025T/R8025t.o
 .debug_line    0x000058fd      0x7dd ./Source Files/app_plat/InitDevice.o
 .debug_line    0x000060da      0x458 ./Source Files/app_plat/app_task.o
 .debug_line    0x00006532      0x3ef ./Source Files/app_plat/interrupt.o
 .debug_line    0x00006921      0x446 ./Source Files/app_plat/main.o
 .debug_line    0x00006d67       0x70 ./CMSIS/efm32g/startup_gcc_efm32g.o
 .debug_line    0x00006dd7      0x274 ./CMSIS/efm32g/system_efm32g.o

.debug_str      0x00000000     0x573d
 .debug_str     0x00000000      0x1ca ./emlib/dmactrl.o
                                0x20b (size before relaxing)
 .debug_str     0x000001ca      0x921 ./emlib/em_adc.o
                                0xaf0 (size before relaxing)
 .debug_str     0x00000aeb      0x6a4 ./emlib/em_cmu.o
                                0xb16 (size before relaxing)
 .debug_str     0x0000118f      0x780 ./emlib/em_dma.o
                                0xbf0 (size before relaxing)
 .debug_str     0x0000190f      0x209 ./emlib/em_emu.o
                                0x51e (size before relaxing)
 .debug_str     0x00001b18      0x355 ./emlib/em_gpio.o
                                0x576 (size before relaxing)
 .debug_str     0x00001e6d      0x334 ./emlib/em_i2c.o
                                0x758 (size before relaxing)
 .debug_str     0x000021a1       0x1e ./emlib/em_int.o
                                0x1d7 (size before relaxing)
 .debug_str     0x000021bf      0x297 ./emlib/em_leuart.o
                                0x6ca (size before relaxing)
 .debug_str     0x00002456       0xcf ./emlib/em_rtc.o
                                0x2d3 (size before relaxing)
 .debug_str     0x00002525       0xaa ./emlib/em_system.o
                                0x2a9 (size before relaxing)
 .debug_str     0x000025cf      0x6ff ./emlib/em_timer.o
                                0x919 (size before relaxing)
 .debug_str     0x00002cce      0x690 ./emlib/em_usart.o
                                0xb12 (size before relaxing)
 .debug_str     0x0000335e      0x1d2 ./emlib/em_wdog.o
                                0x3e7 (size before relaxing)
 .debug_str     0x00003530       0xf9 ./Source Files/dev_plat/var.o
                                0x280 (size before relaxing)
 .debug_str     0x00003629       0xd3 ./Source Files/dev_plat/tpos/low_power_tick_management.o
                                0x866 (size before relaxing)
 .debug_str     0x000036fc      0x1ae ./Source Files/dev_plat/tpos/sleep.o
                                0x42f (size before relaxing)
 .debug_str     0x000038aa       0xae ./Source Files/dev_plat/tpos/tpos_heap_1.o
                                0x25f (size before relaxing)
 .debug_str     0x00003958      0x15e ./Source Files/dev_plat/tpos/tpos_list.o
                                0x312 (size before relaxing)
 .debug_str     0x00003ab6      0x240 ./Source Files/dev_plat/tpos/tpos_port.o
                                0x436 (size before relaxing)
 .debug_str     0x00003cf6      0x436 ./Source Files/dev_plat/tpos/tpos_queue.o
                                0x6da (size before relaxing)
 .debug_str     0x0000412c      0x7b2 ./Source Files/dev_plat/tpos/tpos_tasks.o
                                0xb48 (size before relaxing)
 .debug_str     0x000048de      0x405 ./Source Files/dev_plat/tpos/tpos_timers.o
                                0x727 (size before relaxing)
 .debug_str     0x00004ce3       0xb6 ./Source Files/dev_plat/fun/fun_data.o
                                0x2bb (size before relaxing)
 .debug_str     0x00004d99      0x181 ./Source Files/dev_plat/driver/RS232/rs_232.o
                                0x46d (size before relaxing)
 .debug_str     0x00004f1a       0xe5 ./Source Files/dev_plat/driver/R8025T/R8025t.o
                                0x40b (size before relaxing)
 .debug_str     0x00004fff      0x45f ./Source Files/app_plat/InitDevice.o
                               0x23a7 (size before relaxing)
 .debug_str     0x0000545e      0x102 ./Source Files/app_plat/app_task.o
                                0x5e5 (size before relaxing)
 .debug_str     0x00005560       0x87 ./Source Files/app_plat/interrupt.o
                                0x491 (size before relaxing)
 .debug_str     0x000055e7       0x41 ./Source Files/app_plat/main.o
                                0x618 (size before relaxing)
 .debug_str     0x00005628      0x115 ./CMSIS/efm32g/system_efm32g.o
                                0x46c (size before relaxing)

.debug_loc      0x00000000     0x4af6
 .debug_loc     0x00000000      0x188 ./emlib/em_adc.o
 .debug_loc     0x00000188      0x6fc ./emlib/em_cmu.o
 .debug_loc     0x00000884      0x428 ./emlib/em_dma.o
 .debug_loc     0x00000cac      0x264 ./emlib/em_emu.o
 .debug_loc     0x00000f10      0x1f8 ./emlib/em_gpio.o
 .debug_loc     0x00001108      0x1f8 ./emlib/em_i2c.o
 .debug_loc     0x00001300      0x310 ./emlib/em_leuart.o
 .debug_loc     0x00001610      0x1e0 ./emlib/em_rtc.o
 .debug_loc     0x000017f0       0x70 ./emlib/em_system.o
 .debug_loc     0x00001860      0x188 ./emlib/em_timer.o
 .debug_loc     0x000019e8      0x462 ./emlib/em_usart.o
 .debug_loc     0x00001e4a      0x118 ./emlib/em_wdog.o
 .debug_loc     0x00001f62      0x1e0 ./Source Files/dev_plat/tpos/low_power_tick_management.o
 .debug_loc     0x00002142      0x29c ./Source Files/dev_plat/tpos/sleep.o
 .debug_loc     0x000023de       0xc8 ./Source Files/dev_plat/tpos/tpos_heap_1.o
 .debug_loc     0x000024a6      0x118 ./Source Files/dev_plat/tpos/tpos_list.o
 .debug_loc     0x000025be      0x1dc ./Source Files/dev_plat/tpos/tpos_port.o
 .debug_loc     0x0000279a      0x4d0 ./Source Files/dev_plat/tpos/tpos_queue.o
 .debug_loc     0x00002c6a      0x914 ./Source Files/dev_plat/tpos/tpos_tasks.o
 .debug_loc     0x0000357e      0x3d8 ./Source Files/dev_plat/tpos/tpos_timers.o
 .debug_loc     0x00003956      0x1c0 ./Source Files/dev_plat/fun/fun_data.o
 .debug_loc     0x00003b16      0x164 ./Source Files/dev_plat/driver/RS232/rs_232.o
 .debug_loc     0x00003c7a      0x150 ./Source Files/dev_plat/driver/R8025T/R8025t.o
 .debug_loc     0x00003dca      0x714 ./Source Files/app_plat/InitDevice.o
 .debug_loc     0x000044de      0x150 ./Source Files/app_plat/app_task.o
 .debug_loc     0x0000462e      0x138 ./Source Files/app_plat/interrupt.o
 .debug_loc     0x00004766      0x17c ./Source Files/app_plat/main.o
 .debug_loc     0x000048e2      0x214 ./CMSIS/efm32g/system_efm32g.o

.debug_ranges   0x00000000      0xc30
 .debug_ranges  0x00000000       0x40 ./emlib/em_adc.o
 .debug_ranges  0x00000040      0x110 ./emlib/em_cmu.o
 .debug_ranges  0x00000150       0xa0 ./emlib/em_dma.o
 .debug_ranges  0x000001f0       0x68 ./emlib/em_emu.o
 .debug_ranges  0x00000258       0x50 ./emlib/em_gpio.o
 .debug_ranges  0x000002a8       0x50 ./emlib/em_i2c.o
 .debug_ranges  0x000002f8       0x78 ./emlib/em_leuart.o
 .debug_ranges  0x00000370       0x50 ./emlib/em_rtc.o
 .debug_ranges  0x000003c0       0x18 ./emlib/em_system.o
 .debug_ranges  0x000003d8       0x40 ./emlib/em_timer.o
 .debug_ranges  0x00000418       0xa8 ./emlib/em_usart.o
 .debug_ranges  0x000004c0       0x30 ./emlib/em_wdog.o
 .debug_ranges  0x000004f0       0x50 ./Source Files/dev_plat/tpos/low_power_tick_management.o
 .debug_ranges  0x00000540       0x70 ./Source Files/dev_plat/tpos/sleep.o
 .debug_ranges  0x000005b0       0x28 ./Source Files/dev_plat/tpos/tpos_heap_1.o
 .debug_ranges  0x000005d8       0x30 ./Source Files/dev_plat/tpos/tpos_list.o
 .debug_ranges  0x00000608       0x80 ./Source Files/dev_plat/tpos/tpos_port.o
 .debug_ranges  0x00000688       0xb8 ./Source Files/dev_plat/tpos/tpos_queue.o
 .debug_ranges  0x00000740      0x160 ./Source Files/dev_plat/tpos/tpos_tasks.o
 .debug_ranges  0x000008a0       0x98 ./Source Files/dev_plat/tpos/tpos_timers.o
 .debug_ranges  0x00000938       0x48 ./Source Files/dev_plat/fun/fun_data.o
 .debug_ranges  0x00000980       0x40 ./Source Files/dev_plat/driver/RS232/rs_232.o
 .debug_ranges  0x000009c0       0x38 ./Source Files/dev_plat/driver/R8025T/R8025t.o
 .debug_ranges  0x000009f8      0x128 ./Source Files/app_plat/InitDevice.o
 .debug_ranges  0x00000b20       0x38 ./Source Files/app_plat/app_task.o
 .debug_ranges  0x00000b58       0x38 ./Source Files/app_plat/interrupt.o
 .debug_ranges  0x00000b90       0x40 ./Source Files/app_plat/main.o
 .debug_ranges  0x00000bd0       0x60 ./CMSIS/efm32g/system_efm32g.o

.debug_frame    0x00000000     0x2bcc
 .debug_frame   0x00000000       0xec ./emlib/em_adc.o
 .debug_frame   0x000000ec      0x3d4 ./emlib/em_cmu.o
 .debug_frame   0x000004c0      0x244 ./emlib/em_dma.o
 .debug_frame   0x00000704      0x160 ./emlib/em_emu.o
 .debug_frame   0x00000864      0x118 ./emlib/em_gpio.o
 .debug_frame   0x0000097c      0x120 ./emlib/em_i2c.o
 .debug_frame   0x00000a9c      0x1bc ./emlib/em_leuart.o
 .debug_frame   0x00000c58      0x118 ./emlib/em_rtc.o
 .debug_frame   0x00000d70       0x48 ./emlib/em_system.o
 .debug_frame   0x00000db8       0xd8 ./emlib/em_timer.o
 .debug_frame   0x00000e90      0x25c ./emlib/em_usart.o
 .debug_frame   0x000010ec       0xa4 ./emlib/em_wdog.o
 .debug_frame   0x00001190      0x110 ./Source Files/dev_plat/tpos/low_power_tick_management.o
 .debug_frame   0x000012a0      0x184 ./Source Files/dev_plat/tpos/sleep.o
 .debug_frame   0x00001424       0x7c ./Source Files/dev_plat/tpos/tpos_heap_1.o
 .debug_frame   0x000014a0       0x9c ./Source Files/dev_plat/tpos/tpos_list.o
 .debug_frame   0x0000153c      0x170 ./Source Files/dev_plat/tpos/tpos_port.o
 .debug_frame   0x000016ac      0x2bc ./Source Files/dev_plat/tpos/tpos_queue.o
 .debug_frame   0x00001968      0x528 ./Source Files/dev_plat/tpos/tpos_tasks.o
 .debug_frame   0x00001e90      0x234 ./Source Files/dev_plat/tpos/tpos_timers.o
 .debug_frame   0x000020c4       0xfc ./Source Files/dev_plat/fun/fun_data.o
 .debug_frame   0x000021c0       0xd8 ./Source Files/dev_plat/driver/RS232/rs_232.o
 .debug_frame   0x00002298       0xd0 ./Source Files/dev_plat/driver/R8025T/R8025t.o
 .debug_frame   0x00002368      0x408 ./Source Files/app_plat/InitDevice.o
 .debug_frame   0x00002770       0xc8 ./Source Files/app_plat/app_task.o
 .debug_frame   0x00002838       0xbc ./Source Files/app_plat/interrupt.o
 .debug_frame   0x000028f4       0xe4 ./Source Files/app_plat/main.o
 .debug_frame   0x000029d8      0x138 ./CMSIS/efm32g/system_efm32g.o
 .debug_frame   0x00002b10       0x28 c:/siliconlabs/simplicitystudio/v3/developer/toolchains/gnu_arm/4.8_2013q4/bin/../lib/gcc/arm-none-eabi/4.8.3/../../../../arm-none-eabi/lib/armv7-m\libc_s.a(lib_a-exit.o)
 .debug_frame   0x00002b38       0x2c c:/siliconlabs/simplicitystudio/v3/developer/toolchains/gnu_arm/4.8_2013q4/bin/../lib/gcc/arm-none-eabi/4.8.3/../../../../arm-none-eabi/lib/armv7-m\libc_s.a(lib_a-init.o)
 .debug_frame   0x00002b64       0x28 c:/siliconlabs/simplicitystudio/v3/developer/toolchains/gnu_arm/4.8_2013q4/bin/../lib/gcc/arm-none-eabi/4.8.3/../../../../arm-none-eabi/lib/armv7-m\libc_s.a(lib_a-memcpy-stub.o)
 .debug_frame   0x00002b8c       0x20 c:/siliconlabs/simplicitystudio/v3/developer/toolchains/gnu_arm/4.8_2013q4/bin/../lib/gcc/arm-none-eabi/4.8.3/../../../../arm-none-eabi/lib/armv7-m\libc_s.a(lib_a-memset.o)
 .debug_frame   0x00002bac       0x20 c:/siliconlabs/simplicitystudio/v3/developer/toolchains/gnu_arm/4.8_2013q4/bin/../lib/gcc/arm-none-eabi/4.8.3/../../../../arm-none-eabi/lib/armv7-m\libnosys.a(_exit.o)
