Archive member included because of file (symbol)

c:/siliconlabs/simplicitystudio/v3/developer/toolchains/gnu_arm/4.8_2013q4/bin/../lib/gcc/arm-none-eabi/4.8.3/armv7-m\libgcc.a(_arm_addsubdf3.o)
                              ./src/app_task.o (__aeabi_ui2d)
c:/siliconlabs/simplicitystudio/v3/developer/toolchains/gnu_arm/4.8_2013q4/bin/../lib/gcc/arm-none-eabi/4.8.3/armv7-m\libgcc.a(_arm_muldivdf3.o)
                              ./src/app_task.o (__aeabi_dmul)
c:/siliconlabs/simplicitystudio/v3/developer/toolchains/gnu_arm/4.8_2013q4/bin/../lib/gcc/arm-none-eabi/4.8.3/armv7-m\libgcc.a(_arm_fixunsdfsi.o)
                              ./src/app_task.o (__aeabi_d2uiz)
c:/siliconlabs/simplicitystudio/v3/developer/toolchains/gnu_arm/4.8_2013q4/bin/../lib/gcc/arm-none-eabi/4.8.3/armv7-m\libgcc.a(_aeabi_uldivmod.o)
                              ./emlib/em_usart.o (__aeabi_uldivmod)
c:/siliconlabs/simplicitystudio/v3/developer/toolchains/gnu_arm/4.8_2013q4/bin/../lib/gcc/arm-none-eabi/4.8.3/armv7-m\libgcc.a(bpabi.o)
                              c:/siliconlabs/simplicitystudio/v3/developer/toolchains/gnu_arm/4.8_2013q4/bin/../lib/gcc/arm-none-eabi/4.8.3/armv7-m\libgcc.a(_aeabi_uldivmod.o) (__gnu_uldivmod_helper)
c:/siliconlabs/simplicitystudio/v3/developer/toolchains/gnu_arm/4.8_2013q4/bin/../lib/gcc/arm-none-eabi/4.8.3/armv7-m\libgcc.a(_dvmd_tls.o)
                              c:/siliconlabs/simplicitystudio/v3/developer/toolchains/gnu_arm/4.8_2013q4/bin/../lib/gcc/arm-none-eabi/4.8.3/armv7-m\libgcc.a(_aeabi_uldivmod.o) (__aeabi_ldiv0)
c:/siliconlabs/simplicitystudio/v3/developer/toolchains/gnu_arm/4.8_2013q4/bin/../lib/gcc/arm-none-eabi/4.8.3/armv7-m\libgcc.a(_divdi3.o)
                              c:/siliconlabs/simplicitystudio/v3/developer/toolchains/gnu_arm/4.8_2013q4/bin/../lib/gcc/arm-none-eabi/4.8.3/armv7-m\libgcc.a(bpabi.o) (__divdi3)
c:/siliconlabs/simplicitystudio/v3/developer/toolchains/gnu_arm/4.8_2013q4/bin/../lib/gcc/arm-none-eabi/4.8.3/armv7-m\libgcc.a(_udivdi3.o)
                              c:/siliconlabs/simplicitystudio/v3/developer/toolchains/gnu_arm/4.8_2013q4/bin/../lib/gcc/arm-none-eabi/4.8.3/armv7-m\libgcc.a(bpabi.o) (__udivdi3)
c:/siliconlabs/simplicitystudio/v3/developer/toolchains/gnu_arm/4.8_2013q4/bin/../lib/gcc/arm-none-eabi/4.8.3/../../../../arm-none-eabi/lib/armv7-m\libc_s.a(lib_a-exit.o)
                              c:/siliconlabs/simplicitystudio/v3/developer/toolchains/gnu_arm/4.8_2013q4/bin/../lib/gcc/arm-none-eabi/4.8.3/../../../../arm-none-eabi/lib/armv7-m/crt0.o (exit)
c:/siliconlabs/simplicitystudio/v3/developer/toolchains/gnu_arm/4.8_2013q4/bin/../lib/gcc/arm-none-eabi/4.8.3/../../../../arm-none-eabi/lib/armv7-m\libc_s.a(lib_a-impure.o)
                              c:/siliconlabs/simplicitystudio/v3/developer/toolchains/gnu_arm/4.8_2013q4/bin/../lib/gcc/arm-none-eabi/4.8.3/../../../../arm-none-eabi/lib/armv7-m\libc_s.a(lib_a-exit.o) (_global_impure_ptr)
c:/siliconlabs/simplicitystudio/v3/developer/toolchains/gnu_arm/4.8_2013q4/bin/../lib/gcc/arm-none-eabi/4.8.3/../../../../arm-none-eabi/lib/armv7-m\libc_s.a(lib_a-init.o)
                              c:/siliconlabs/simplicitystudio/v3/developer/toolchains/gnu_arm/4.8_2013q4/bin/../lib/gcc/arm-none-eabi/4.8.3/../../../../arm-none-eabi/lib/armv7-m/crt0.o (__libc_init_array)
c:/siliconlabs/simplicitystudio/v3/developer/toolchains/gnu_arm/4.8_2013q4/bin/../lib/gcc/arm-none-eabi/4.8.3/../../../../arm-none-eabi/lib/armv7-m\libc_s.a(lib_a-memcpy-stub.o)
                              ./tpos/tpos_queue.o (memcpy)
c:/siliconlabs/simplicitystudio/v3/developer/toolchains/gnu_arm/4.8_2013q4/bin/../lib/gcc/arm-none-eabi/4.8.3/../../../../arm-none-eabi/lib/armv7-m\libc_s.a(lib_a-memset.o)
                              c:/siliconlabs/simplicitystudio/v3/developer/toolchains/gnu_arm/4.8_2013q4/bin/../lib/gcc/arm-none-eabi/4.8.3/../../../../arm-none-eabi/lib/armv7-m/crt0.o (memset)
c:/siliconlabs/simplicitystudio/v3/developer/toolchains/gnu_arm/4.8_2013q4/bin/../lib/gcc/arm-none-eabi/4.8.3/../../../../arm-none-eabi/lib/armv7-m\libnosys.a(_exit.o)
                              c:/siliconlabs/simplicitystudio/v3/developer/toolchains/gnu_arm/4.8_2013q4/bin/../lib/gcc/arm-none-eabi/4.8.3/../../../../arm-none-eabi/lib/armv7-m\libc_s.a(lib_a-exit.o) (_exit)

Allocating common symbols
Common symbol       size              file

Si446xModemPend0    0x1               ./driver/RF/fun/si446x_nirq.o
Si446xChipPend4     0x1               ./driver/RF/fun/si446x_nirq.o
Si446xChipPend1     0x1               ./driver/RF/fun/si446x_nirq.o
SystemCoreClock     0x4               ./CMSIS/efm32g/system_efm32g.o
Si446xPhPend1       0x1               ./driver/RF/fun/si446x_nirq.o
Si446xModemPend3    0x1               ./driver/RF/fun/si446x_nirq.o
xQueueRegistry      0x50              ./tpos/tpos_queue.o
Si446xPhPend2       0x1               ./driver/RF/fun/si446x_nirq.o
Si446xModemPend6    0x1               ./driver/RF/fun/si446x_nirq.o
[...]
Memory Configuration

Name             Origin             Length             Attributes
FLASH            0x00000000         0x00020000         xr
RAM              0x20000000         0x00004000         xrw
*default*        0x00000000         0xffffffff

Linker script and memory map

LOAD c:/siliconlabs/simplicitystudio/v3/developer/toolchains/gnu_arm/4.8_2013q4/bin/../lib/gcc/arm-none-eabi/4.8.3/armv7-m/crti.o
LOAD c:/siliconlabs/simplicitystudio/v3/developer/toolchains/gnu_arm/4.8_2013q4/bin/../lib/gcc/arm-none-eabi/4.8.3/armv7-m/crtbegin.o
LOAD c:/siliconlabs/simplicitystudio/v3/developer/toolchains/gnu_arm/4.8_2013q4/bin/../lib/gcc/arm-none-eabi/4.8.3/../../../../arm-none-eabi/lib/armv7-m/crt0.o
LOAD ./tpos/low_power_tick_management.o
LOAD ./tpos/sleep.o
LOAD ./tpos/tpos_croutine.o
LOAD ./tpos/tpos_heap_1.o
LOAD ./tpos/tpos_list.o
LOAD ./tpos/tpos_port.o
LOAD ./tpos/tpos_queue.o
LOAD ./tpos/tpos_tasks.o
LOAD ./tpos/tpos_timers.o
LOAD ./src/InitDevice.o
LOAD ./src/app_task.o
LOAD ./src/main.o
LOAD ./emlib/dmactrl.o
LOAD ./emlib/em_adc.o
LOAD ./emlib/em_cmu.o
LOAD ./emlib/em_dma.o
LOAD ./emlib/em_emu.o
LOAD ./emlib/em_gpio.o
LOAD ./emlib/em_i2c.o
LOAD ./emlib/em_int.o
LOAD ./emlib/em_letimer.o
LOAD ./emlib/em_leuart.o
LOAD ./emlib/em_rtc.o
LOAD ./emlib/em_system.o
LOAD ./emlib/em_timer.o
LOAD ./emlib/em_usart.o
LOAD ./emlib/em_wdog.o
LOAD ./driver/rs_232/rs_232.o
LOAD ./driver/flash/flash_fun.o
LOAD ./driver/RF/fun/radio_hal.o
LOAD ./driver/RF/fun/rf_spi.o
LOAD ./driver/RF/fun/si446x_api_lib.o
LOAD ./driver/RF/fun/si446x_nirq.o
LOAD ./CMSIS/efm32g/startup_gcc_efm32g.o
LOAD ./CMSIS/efm32g/system_efm32g.o
START GROUP
LOAD c:/siliconlabs/simplicitystudio/v3/developer/toolchains/gnu_arm/4.8_2013q4/bin/../lib/gcc/arm-none-eabi/4.8.3/armv7-m\libgcc.a
LOAD c:/siliconlabs/simplicitystudio/v3/developer/toolchains/gnu_arm/4.8_2013q4/bin/../lib/gcc/arm-none-eabi/4.8.3/../../../../arm-none-eabi/lib/armv7-m\libc_s.a
LOAD c:/siliconlabs/simplicitystudio/v3/developer/toolchains/gnu_arm/4.8_2013q4/bin/../lib/gcc/arm-none-eabi/4.8.3/../../../../arm-none-eabi/lib/armv7-m\libnosys.a
END GROUP
START GROUP
LOAD c:/siliconlabs/simplicitystudio/v3/developer/toolchains/gnu_arm/4.8_2013q4/bin/../lib/gcc/arm-none-eabi/4.8.3/armv7-m\libgcc.a
LOAD c:/siliconlabs/simplicitystudio/v3/developer/toolchains/gnu_arm/4.8_2013q4/bin/../lib/gcc/arm-none-eabi/4.8.3/../../../../arm-none-eabi/lib/armv7-m\libg_s.a
LOAD c:/siliconlabs/simplicitystudio/v3/developer/toolchains/gnu_arm/4.8_2013q4/bin/../lib/gcc/arm-none-eabi/4.8.3/../../../../arm-none-eabi/lib/armv7-m\libc_s.a
END GROUP
START GROUP
LOAD c:/siliconlabs/simplicitystudio/v3/developer/toolchains/gnu_arm/4.8_2013q4/bin/../lib/gcc/arm-none-eabi/4.8.3/armv7-m\libgcc.a
LOAD c:/siliconlabs/simplicitystudio/v3/developer/toolchains/gnu_arm/4.8_2013q4/bin/../lib/gcc/arm-none-eabi/4.8.3/../../../../arm-none-eabi/lib/armv7-m\libc_s.a
END GROUP
LOAD c:/siliconlabs/simplicitystudio/v3/developer/toolchains/gnu_arm/4.8_2013q4/bin/../lib/gcc/arm-none-eabi/4.8.3/armv7-m/crtend.o
LOAD c:/siliconlabs/simplicitystudio/v3/developer/toolchains/gnu_arm/4.8_2013q4/bin/../lib/gcc/arm-none-eabi/4.8.3/armv7-m/crtn.o

.text           0x00000000     0x5a70
 *(.vectors)
 .vectors       0x00000000       0xbc ./CMSIS/efm32g/startup_gcc_efm32g.o
                0x00000000                __Vectors
                0x000000bc                __Vectors_End = .
                0x000000bc                __Vectors_Size = (__Vectors_End - __Vectors)
                0x000000bc                __end__ = .
 *(.text*)
 .text          0x000000bc       0x54 c:/siliconlabs/simplicitystudio/v3/developer/toolchains/gnu_arm/4.8_2013q4/bin/../lib/gcc/arm-none-eabi/4.8.3/armv7-m/crtbegin.o
 .text          0x00000110       0x74 c:/siliconlabs/simplicitystudio/v3/developer/toolchains/gnu_arm/4.8_2013q4/bin/../lib/gcc/arm-none-eabi/4.8.3/../../../../arm-none-eabi/lib/armv7-m/crt0.o
                0x00000110                _start
                0x00000110                _mainCRTStartup
 .text.NVIC_EnableIRQ
                0x00000184       0x30 ./tpos/low_power_tick_management.o
 .text.NVIC_ClearPendingIRQ
                0x000001b4       0x34 ./tpos/low_power_tick_management.o
 .text.NVIC_SetPriority
                0x000001e8       0x54 ./tpos/low_power_tick_management.o
 .text.RTC_CounterGet
                0x0000023c       0x18 ./tpos/low_power_tick_management.o
 .text.RTC_IntClear
                0x00000254       0x1c ./tpos/low_power_tick_management.o
 .text.RTC_IntDisable
                0x00000270       0x24 ./tpos/low_power_tick_management.o
 .text.RTC_IntEnable
                0x00000294       0x24 ./tpos/low_power_tick_management.o
 .text.RTC_IntGet
                0x000002b8       0x18 ./tpos/low_power_tick_management.o
 .text.INT_Disable
                0x000002d0       0x2c ./tpos/low_power_tick_management.o
 .text.INT_Enable
                0x000002fc       0x3c ./tpos/low_power_tick_management.o
 .text.RTC_IRQHandler
                0x00000338       0x50 ./tpos/low_power_tick_management.o
                0x00000338                RTC_IRQHandler
 .text.vPortSetupTimerInterrupt
                0x00000388       0x94 ./tpos/low_power_tick_management.o
                0x00000388                vPortSetupTimerInterrupt
 .text.vPortSuppressTicksAndSleep
                0x0000041c      0x11c ./tpos/low_power_tick_management.o
                0x0000041c                vPortSuppressTicksAndSleep
 .text.INT_Disable
                0x00000538       0x2c ./tpos/sleep.o
 .text.INT_Enable
                0x00000564       0x3c ./tpos/sleep.o
 .text.BUS_RegBitWrite
                0x000005a0       0x2c ./tpos/sleep.o
 .text.EMU_EnterEM1
                0x000005cc       0x20 ./tpos/sleep.o
 .text.EMU_EM2Block
                0x000005ec       0x14 ./tpos/sleep.o
 .text.SLEEP_Init
                0x00000600       0x38 ./tpos/sleep.o
                0x00000600                SLEEP_Init
 .text.SLEEP_Sleep
                0x00000638       0x3c ./tpos/sleep.o
                0x00000638                SLEEP_Sleep
 .text.SLEEP_SleepBlockBegin
                0x00000674       0x48 ./tpos/sleep.o
                0x00000674                SLEEP_SleepBlockBegin
 .text.SLEEP_LowestEnergyModeGet
                0x000006bc       0x40 ./tpos/sleep.o
                0x000006bc                SLEEP_LowestEnergyModeGet
 .text.enterEMx
                0x000006fc       0x88 ./tpos/sleep.o
 .text.pvPortMalloc
                0x00000784       0x8c ./tpos/tpos_heap_1.o
                0x00000784                pvPortMalloc
 .text.vPortFree
                0x00000810       0x14 ./tpos/tpos_heap_1.o
                0x00000810                vPortFree
 .text.vListInitialise
                0x00000824       0x40 ./tpos/tpos_list.o
                0x00000824                vListInitialise
 .text.vListInitialiseItem
                0x00000864       0x18 ./tpos/tpos_list.o
                0x00000864                vListInitialiseItem
 .text.vListInsertEnd
                0x0000087c       0x48 ./tpos/tpos_list.o
                0x0000087c                vListInsertEnd
 .text.vListInsert
                0x000008c4       0x70 ./tpos/tpos_list.o
                0x000008c4                vListInsert
 .text.uxListRemove
                0x00000934       0x54 ./tpos/tpos_list.o
                0x00000934                uxListRemove
 .text.pxPortInitialiseStack
                0x00000988       0x58 ./tpos/tpos_port.o
                0x00000988                pxPortInitialiseStack
 .text.prvTaskExitError
                0x000009e0        0xc ./tpos/tpos_port.o
 .text.SVC_Handler
                0x000009ec       0x28 ./tpos/tpos_port.o
                0x000009ec                SVC_Handler
 .text.prvPortStartFirstTask
                0x00000a14       0x20 ./tpos/tpos_port.o
 .text.xPortStartScheduler
                0x00000a34       0xbc ./tpos/tpos_port.o
                0x00000a34                xPortStartScheduler
 .text.vPortYield
                0x00000af0       0x20 ./tpos/tpos_port.o
                0x00000af0                vPortYield
 .text.vPortEnterCritical
                0x00000b10       0x30 ./tpos/tpos_port.o
                0x00000b10                vPortEnterCritical
 .text.vPortExitCritical
                0x00000b40       0x24 ./tpos/tpos_port.o
                0x00000b40                vPortExitCritical
 .text.ulPortSetInterruptMask
                0x00000b64       0x14 ./tpos/tpos_port.o
                0x00000b64                ulPortSetInterruptMask
 .text.vPortClearInterruptMask
                0x00000b78        0x8 ./tpos/tpos_port.o
                0x00000b78                vPortClearInterruptMask
 .text.PendSV_Handler
                0x00000b80       0x44 ./tpos/tpos_port.o
                0x00000b80                PendSV_Handler
 .text.SysTick_Handler
                0x00000bc4       0x28 ./tpos/tpos_port.o
                0x00000bc4                SysTick_Handler
 .text.vPortValidateInterruptPriority
                0x00000bec       0x34 ./tpos/tpos_port.o
                0x00000bec                vPortValidateInterruptPriority
 .text.xQueueGenericReset
                0x00000c20       0x9c ./tpos/tpos_queue.o
                0x00000c20                xQueueGenericReset
 .text.xQueueGenericCreate
                0x00000cbc       0x70 ./tpos/tpos_queue.o
                0x00000cbc                xQueueGenericCreate
 .text.xQueueGenericSend
                0x00000d2c      0x140 ./tpos/tpos_queue.o
                0x00000d2c                xQueueGenericSend
 .text.xQueueGenericSendFromISR
                0x00000e6c       0xc0 ./tpos/tpos_queue.o
                0x00000e6c                xQueueGenericSendFromISR
 .text.xQueueGenericReceive
                0x00000f2c      0x180 ./tpos/tpos_queue.o
                0x00000f2c                xQueueGenericReceive
 .text.prvCopyDataToQueue
                0x000010ac       0xdc ./tpos/tpos_queue.o
 .text.prvCopyDataFromQueue
                0x00001188       0x4c ./tpos/tpos_queue.o
 .text.prvUnlockQueue
                0x000011d4       0x98 ./tpos/tpos_queue.o
 .text.prvIsQueueEmpty
                0x0000126c       0x2c ./tpos/tpos_queue.o
 .text.prvIsQueueFull
                0x00001298       0x30 ./tpos/tpos_queue.o
 .text.vQueueAddToRegistry
                0x000012c8       0x50 ./tpos/tpos_queue.o
                0x000012c8                vQueueAddToRegistry
 .text.vQueueWaitForMessageRestricted
                0x00001318       0x58 ./tpos/tpos_queue.o
                0x00001318                vQueueWaitForMessageRestricted
 .text.WDOG_Feed
                0x00001370       0x10 ./tpos/tpos_tasks.o
 .text.xTaskGenericCreate
                0x00001380      0x128 ./tpos/tpos_tasks.o
                0x00001380                xTaskGenericCreate
 .text.tpos_delay
                0x000014a8       0x7c ./tpos/tpos_tasks.o
                0x000014a8                tpos_delay
 .text.tpos_start
                0x00001524       0x60 ./tpos/tpos_tasks.o
                0x00001524                tpos_start
 .text.vTaskSuspendAll
                0x00001584       0x1c ./tpos/tpos_tasks.o
                0x00001584                vTaskSuspendAll
 .text.prvGetExpectedIdleTime
                0x000015a0       0x50 ./tpos/tpos_tasks.o
 .text.xTaskResumeAll
                0x000015f0       0xf4 ./tpos/tpos_tasks.o
                0x000015f0                xTaskResumeAll
 .text.xTaskGetTickCount
                0x000016e4       0x24 ./tpos/tpos_tasks.o
                0x000016e4                xTaskGetTickCount
 .text.vTaskStepTick
                0x00001708       0x30 ./tpos/tpos_tasks.o
                0x00001708                vTaskStepTick
 .text.xTaskIncrementTick
                0x00001738      0x11c ./tpos/tpos_tasks.o
                0x00001738                xTaskIncrementTick
 .text.vTaskSwitchContext
                0x00001854       0x94 ./tpos/tpos_tasks.o
                0x00001854                vTaskSwitchContext
 .text.vTaskPlaceOnEventList
                0x000018e8       0x80 ./tpos/tpos_tasks.o
                0x000018e8                vTaskPlaceOnEventList
 .text.vTaskPlaceOnEventListRestricted
                0x00001968       0x64 ./tpos/tpos_tasks.o
                0x00001968                vTaskPlaceOnEventListRestricted
 .text.xTaskRemoveFromEventList
                0x000019cc       0xa8 ./tpos/tpos_tasks.o
                0x000019cc                xTaskRemoveFromEventList
 .text.vTaskSetTimeOutState
                0x00001a74       0x2c ./tpos/tpos_tasks.o
                0x00001a74                vTaskSetTimeOutState
 .text.xTaskCheckForTimeOut
                0x00001aa0       0x88 ./tpos/tpos_tasks.o
                0x00001aa0                xTaskCheckForTimeOut
 .text.vTaskMissedYield
                0x00001b28       0x18 ./tpos/tpos_tasks.o
                0x00001b28                vTaskMissedYield
 .text.prvIdleTask
                0x00001b40       0x4c ./tpos/tpos_tasks.o
 .text.eTaskConfirmSleepModeStatus
                0x00001b8c       0x3c ./tpos/tpos_tasks.o
                0x00001b8c                eTaskConfirmSleepModeStatus
 .text.prvInitialiseTCBVariables
                0x00001bc8       0x94 ./tpos/tpos_tasks.o
 .text.prvInitialiseTaskLists
                0x00001c5c       0x7c ./tpos/tpos_tasks.o
 .text.prvCheckTasksWaitingTermination
                0x00001cd8       0x74 ./tpos/tpos_tasks.o
 .text.prvAddCurrentTaskToDelayedList
                0x00001d4c       0x6c ./tpos/tpos_tasks.o
 .text.prvAllocateTCBAndStack
                0x00001db8       0x50 ./tpos/tpos_tasks.o
 .text.prvDeleteTCB
                0x00001e08       0x20 ./tpos/tpos_tasks.o
 .text.prvResetNextTaskUnblockTime
                0x00001e28       0x48 ./tpos/tpos_tasks.o
 .text.xTaskGetSchedulerState
                0x00001e70       0x3c ./tpos/tpos_tasks.o
                0x00001e70                xTaskGetSchedulerState
 .text.vTaskPriorityInherit
                0x00001eac       0xec ./tpos/tpos_tasks.o
                0x00001eac                vTaskPriorityInherit
 .text.xTaskPriorityDisinherit
                0x00001f98       0xc8 ./tpos/tpos_tasks.o
                0x00001f98                xTaskPriorityDisinherit
 .text.pvTaskIncrementMutexHeldCount
                0x00002060       0x28 ./tpos/tpos_tasks.o
                0x00002060                pvTaskIncrementMutexHeldCount
 .text.ClrTaskWdt
                0x00002088        0xc ./tpos/tpos_tasks.o
                0x00002088                ClrTaskWdt
 .text.xTimerCreateTimerTask
                0x00002094       0x4c ./tpos/tpos_timers.o
                0x00002094                xTimerCreateTimerTask
 .text.xTimerGenericCommand
                0x000020e0       0x8c ./tpos/tpos_timers.o
                0x000020e0                xTimerGenericCommand
 .text.prvProcessExpiredTimer
                0x0000216c       0x64 ./tpos/tpos_timers.o
 .text.prvTimerTask
                0x000021d0       0x24 ./tpos/tpos_timers.o
 .text.prvProcessTimerOrBlockTask
                0x000021f4       0x6c ./tpos/tpos_timers.o
 .text.prvGetNextExpireTime
                0x00002260       0x48 ./tpos/tpos_timers.o
 .text.prvSampleTimeNow
                0x000022a8       0x40 ./tpos/tpos_timers.o
 .text.prvInsertTimerInActiveList
                0x000022e8       0x84 ./tpos/tpos_timers.o
 .text.prvProcessReceivedCommands
                0x0000236c       0xf4 ./tpos/tpos_timers.o
 .text.prvSwitchTimerLists
                0x00002460       0xa4 ./tpos/tpos_timers.o
 .text.prvCheckForValidListAndQueue
                0x00002504       0x6c ./tpos/tpos_timers.o
 .text.NVIC_EnableIRQ
                0x00002570       0x30 ./src/InitDevice.o
 .text.TIMER_CompareBufSet
                0x000025a0       0x24 ./src/InitDevice.o
 .text.TIMER_IntEnable
                0x000025c4       0x20 ./src/InitDevice.o
 .text.TIMER_TopSet
                0x000025e4       0x1c ./src/InitDevice.o
 .text.WDOG_Init
                0x00002600       0x1c ./src/InitDevice.o
 .text.enter_DefaultMode_from_RESET
                0x0000261c       0x4c ./src/InitDevice.o
                0x0000261c                enter_DefaultMode_from_RESET
 .text.HFXO_enter_DefaultMode_from_RESET
                0x00002668       0x2c ./src/InitDevice.o
                0x00002668                HFXO_enter_DefaultMode_from_RESET
 .text.LFXO_enter_DefaultMode_from_RESET
                0x00002694       0x28 ./src/InitDevice.o
                0x00002694                LFXO_enter_DefaultMode_from_RESET
 .text.CMU_enter_DefaultMode_from_RESET
                0x000026bc       0xf8 ./src/InitDevice.o
                0x000026bc                CMU_enter_DefaultMode_from_RESET
 .text.ADC0_enter_DefaultMode_from_RESET
                0x000027b4       0x90 ./src/InitDevice.o
                0x000027b4                ADC0_enter_DefaultMode_from_RESET
 .text.DMA_enter_DefaultMode_from_RESET
                0x00002844       0x64 ./src/InitDevice.o
                0x00002844                DMA_enter_DefaultMode_from_RESET
 .text.RTC_enter_DefaultMode_from_RESET
                0x000028a8       0x2c ./src/InitDevice.o
                0x000028a8                RTC_enter_DefaultMode_from_RESET
 .text.USART0_enter_DefaultMode_from_RESET
                0x000028d4       0x68 ./src/InitDevice.o
                0x000028d4                USART0_enter_DefaultMode_from_RESET
 .text.USART2_enter_DefaultMode_from_RESET
                0x0000293c       0x68 ./src/InitDevice.o
                0x0000293c                USART2_enter_DefaultMode_from_RESET
 .text.UART0_enter_DefaultMode_from_RESET
                0x000029a4       0x68 ./src/InitDevice.o
                0x000029a4                UART0_enter_DefaultMode_from_RESET
 .text.LEUART0_enter_DefaultMode_from_RESET
                0x00002a0c       0x50 ./src/InitDevice.o
                0x00002a0c                LEUART0_enter_DefaultMode_from_RESET
 .text.WDOG_enter_DefaultMode_from_RESET
                0x00002a5c       0x5c ./src/InitDevice.o
                0x00002a5c                WDOG_enter_DefaultMode_from_RESET
 .text.I2C0_enter_DefaultMode_from_RESET
                0x00002ab8       0x3c ./src/InitDevice.o
                0x00002ab8                I2C0_enter_DefaultMode_from_RESET
 .text.TIMER0_enter_DefaultMode_from_RESET
                0x00002af4        0xc ./src/InitDevice.o
                0x00002af4                TIMER0_enter_DefaultMode_from_RESET
 .text.TIMER1_enter_DefaultMode_from_RESET
                0x00002b00      0x108 ./src/InitDevice.o
                0x00002b00                TIMER1_enter_DefaultMode_from_RESET
 .text.TIMER2_enter_DefaultMode_from_RESET
                0x00002c08        0xc ./src/InitDevice.o
                0x00002c08                TIMER2_enter_DefaultMode_from_RESET
 .text.LETIMER0_enter_DefaultMode_from_RESET
                0x00002c14        0xc ./src/InitDevice.o
                0x00002c14                LETIMER0_enter_DefaultMode_from_RESET
 .text.PORTIO_enter_DefaultMode_from_RESET
                0x00002c20      0x20c ./src/InitDevice.o
                0x00002c20                PORTIO_enter_DefaultMode_from_RESET
 .text.ADC_Start
                0x00002e2c       0x1c ./src/app_task.o
 .text.Task_Power_Ctrl
                0x00002e48       0xf8 ./src/app_task.o
                0x00002e48                Task_Power_Ctrl
 .text.Task_Fault_Handler
                0x00002f40       0x14 ./src/app_task.o
                0x00002f40                Task_Fault_Handler
 .text.Task_Report
                0x00002f54       0x14 ./src/app_task.o
                0x00002f54                Task_Report
 .text.Task_Cycle_Service
                0x00002f68       0x14 ./src/app_task.o
                0x00002f68                Task_Cycle_Service
 .text.CHIP_Init
                0x00002f7c      0x184 ./src/main.o
 .text.main     0x00003100       0xb8 ./src/main.o
                0x00003100                main
 .text.ADC_LoadDevinfoCal
                0x000031b8      0x120 ./emlib/em_adc.o
 .text.ADC_Init
                0x000032d8       0x88 ./emlib/em_adc.o
                0x000032d8                ADC_Init
 .text.ADC_InitScan
                0x00003360       0xa0 ./emlib/em_adc.o
                0x00003360                ADC_InitScan
 .text.ADC_PrescaleCalc
                0x00003400       0x64 ./emlib/em_adc.o
                0x00003400                ADC_PrescaleCalc
 .text.ADC_TimebaseCalc
                0x00003464       0x50 ./emlib/em_adc.o
                0x00003464                ADC_TimebaseCalc
 .text.BUS_RegBitWrite
                0x000034b4       0x2c ./emlib/em_cmu.o
 .text.BUS_RegBitRead
                0x000034e0       0x2c ./emlib/em_cmu.o
 .text.CMU_DivToLog2
                0x0000350c       0x34 ./emlib/em_cmu.o
 .text.auxClkGet
                0x00003540       0x1c ./emlib/em_cmu.o
 .text.dbgClkGet
                0x0000355c       0x40 ./emlib/em_cmu.o
 .text.flashWaitStateControl
                0x0000359c       0x9c ./emlib/em_cmu.o
 .text.flashWaitStateMax
                0x00003638       0x14 ./emlib/em_cmu.o
 .text.lfClkGet
                0x0000364c       0xb0 ./emlib/em_cmu.o
 .text.syncReg  0x000036fc       0x34 ./emlib/em_cmu.o
 .text.CMU_ClockDivSet
                0x00003730      0x15c ./emlib/em_cmu.o
                0x00003730                CMU_ClockDivSet
 .text.CMU_ClockEnable
                0x0000388c       0xbc ./emlib/em_cmu.o
                0x0000388c                CMU_ClockEnable
 .text.CMU_ClockFreqGet
                0x00003948      0x13c ./emlib/em_cmu.o
                0x00003948                CMU_ClockFreqGet
 .text.CMU_ClockSelectGet
                0x00003a84       0xec ./emlib/em_cmu.o
                0x00003a84                CMU_ClockSelectGet
 .text.CMU_ClockSelectSet
                0x00003b70      0x140 ./emlib/em_cmu.o
                0x00003b70                CMU_ClockSelectSet
 .text.CMU_OscillatorEnable
                0x00003cb0       0xc0 ./emlib/em_cmu.o
                0x00003cb0                CMU_OscillatorEnable
 .text.NVIC_EnableIRQ
                0x00003d70       0x30 ./emlib/em_dma.o
 .text.NVIC_DisableIRQ
                0x00003da0       0x34 ./emlib/em_dma.o
 .text.NVIC_ClearPendingIRQ
                0x00003dd4       0x34 ./emlib/em_dma.o
 .text.BUS_RegBitWrite
                0x00003e08       0x2c ./emlib/em_dma.o
 .text.DMA_Prepare
                0x00003e34      0x108 ./emlib/em_dma.o
 .text.DMA_IRQHandler
                0x00003f3c       0xd8 ./emlib/em_dma.o
                0x00003f3c                DMA_IRQHandler
 .text.DMA_ActivateBasic
                0x00004014       0x40 ./emlib/em_dma.o
                0x00004014                DMA_ActivateBasic
 .text.DMA_CfgChannel
                0x00004054       0x90 ./emlib/em_dma.o
                0x00004054                DMA_CfgChannel
 .text.DMA_CfgDescr
                0x000040e4       0x70 ./emlib/em_dma.o
                0x000040e4                DMA_CfgDescr
 .text.DMA_Init
                0x00004154       0x54 ./emlib/em_dma.o
                0x00004154                DMA_Init
 .text.DMA_Reset
                0x000041a8       0x7c ./emlib/em_dma.o
                0x000041a8                DMA_Reset
 .text.SystemCoreClockUpdate
                0x00004224        0xc ./emlib/em_emu.o
 .text.EMU_Unlock
                0x00004230       0x18 ./emlib/em_emu.o
 .text.CMU_Lock
                0x00004248       0x18 ./emlib/em_emu.o
 .text.CMU_Unlock
                0x00004260       0x1c ./emlib/em_emu.o
 .text.emuRestore
                0x0000427c       0xf0 ./emlib/em_emu.o
 .text.getErrataFixEmuE107En
                0x0000436c       0x5c ./emlib/em_emu.o
 .text.EMU_EnterEM2
                0x000043c8       0x84 ./emlib/em_emu.o
                0x000043c8                EMU_EnterEM2
 .text.EMU_EnterEM3
                0x0000444c       0xa4 ./emlib/em_emu.o
                0x0000444c                EMU_EnterEM3
 .text.EMU_EnterEM4
                0x000044f0       0x50 ./emlib/em_emu.o
                0x000044f0                EMU_EnterEM4
 .text.EMU_UpdateOscConfig
                0x00004540       0x1c ./emlib/em_emu.o
                0x00004540                EMU_UpdateOscConfig
 .text.BUS_RegBitWrite
                0x0000455c       0x2c ./emlib/em_i2c.o
 .text.BUS_RegMaskedWrite
                0x00004588       0x28 ./emlib/em_i2c.o
 .text.I2C_BusFreqSet
                0x000045b0       0xfc ./emlib/em_i2c.o
                0x000045b0                I2C_BusFreqSet
 .text.I2C_Init
                0x000046ac       0x5c ./emlib/em_i2c.o
                0x000046ac                I2C_Init
 .text.LEUART_Sync
                0x00004708       0x30 ./emlib/em_leuart.o
 .text.LEUART_BaudrateSet
                0x00004738       0x80 ./emlib/em_leuart.o
                0x00004738                LEUART_BaudrateSet
 .text.LEUART_FreezeEnable
                0x000047b8       0x34 ./emlib/em_leuart.o
                0x000047b8                LEUART_FreezeEnable
 .text.LEUART_Init
                0x000047ec       0x84 ./emlib/em_leuart.o
                0x000047ec                LEUART_Init
 .text.LEUART_TxDmaInEM2Enable
                0x00004870       0x3c ./emlib/em_leuart.o
                0x00004870                LEUART_TxDmaInEM2Enable
 .text.LEUART_RxDmaInEM2Enable
                0x000048ac       0x3c ./emlib/em_leuart.o
                0x000048ac                LEUART_RxDmaInEM2Enable
 .text.BUS_RegBitWrite
                0x000048e8       0x2c ./emlib/em_rtc.o
 .text.regSync  0x00004914       0x34 ./emlib/em_rtc.o
 .text.RTC_CompareGet
                0x00004948       0x3c ./emlib/em_rtc.o
                0x00004948                RTC_CompareGet
 .text.RTC_CompareSet
                0x00004984       0x58 ./emlib/em_rtc.o
                0x00004984                RTC_CompareSet
 .text.RTC_Enable
                0x000049dc       0x2c ./emlib/em_rtc.o
                0x000049dc                RTC_Enable
 .text.RTC_Init
                0x00004a08       0x50 ./emlib/em_rtc.o
                0x00004a08                RTC_Init
 .text.SYSTEM_ChipRevisionGet
                0x00004a58       0x74 ./emlib/em_system.o
                0x00004a58                SYSTEM_ChipRevisionGet
 .text.TIMER_Init
                0x00004acc       0xdc ./emlib/em_timer.o
                0x00004acc                TIMER_Init
 .text.TIMER_InitCC
                0x00004ba8       0xc0 ./emlib/em_timer.o
                0x00004ba8                TIMER_InitCC
 .text.USART_BaudrateAsyncSet
                0x00004c68       0xb0 ./emlib/em_usart.o
                0x00004c68                USART_BaudrateAsyncSet
 .text.USART_InitAsync
                0x00004d18       0x7c ./emlib/em_usart.o
                0x00004d18                USART_InitAsync
 .text.USART_InitPrsTrigger
                0x00004d94       0x50 ./emlib/em_usart.o
                0x00004d94                USART_InitPrsTrigger
 .text.USART_Reset
                0x00004de4       0x88 ./emlib/em_usart.o
                0x00004de4                USART_Reset
 .text.WDOGn_Feed
                0x00004e6c       0x44 ./emlib/em_wdog.o
                0x00004e6c                WDOGn_Feed
 .text.WDOGn_Init
                0x00004eb0       0xb0 ./emlib/em_wdog.o
                0x00004eb0                WDOGn_Init
 .text          0x00004f60       0x30 ./CMSIS/efm32g/startup_gcc_efm32g.o
                0x00004f60                Reset_Handler
                0x00004f8c                DebugMon_Handler
                0x00004f8c                USART0_TX_IRQHandler
                0x00004f8c                I2C0_IRQHandler
                0x00004f8c                HardFault_Handler
                0x00004f8c                LEUART1_IRQHandler
                0x00004f8c                USART1_RX_IRQHandler
                0x00004f8c                NMI_Handler
                0x00004f8c                USART1_TX_IRQHandler
                0x00004f8c                MSC_IRQHandler
                0x00004f8c                ADC0_IRQHandler
                0x00004f8c                UsageFault_Handler
                0x00004f8c                LEUART0_IRQHandler
                0x00004f8c                GPIO_EVEN_IRQHandler
                0x00004f8c                UART0_TX_IRQHandler
                0x00004f8c                TIMER0_IRQHandler
                0x00004f8c                TIMER2_IRQHandler
                0x00004f8c                LCD_IRQHandler
                0x00004f8c                PCNT2_IRQHandler
                0x00004f8c                UART0_RX_IRQHandler
                0x00004f8c                LETIMER0_IRQHandler
                0x00004f8c                TIMER1_IRQHandler
                0x00004f8c                USART2_RX_IRQHandler
                0x00004f8c                Default_Handler
                0x00004f8c                PCNT0_IRQHandler
                0x00004f8c                PCNT1_IRQHandler
                0x00004f8c                ACMP0_IRQHandler
                0x00004f8c                USART0_RX_IRQHandler
                0x00004f8c                MemManage_Handler
                0x00004f8c                DAC0_IRQHandler
                0x00004f8c                CMU_IRQHandler
                0x00004f8c                GPIO_ODD_IRQHandler
                0x00004f8c                AES_IRQHandler
                0x00004f8c                VCMP_IRQHandler
                0x00004f8c                BusFault_Handler
                0x00004f8c                USART2_TX_IRQHandler
 .text.GetProdRev
                0x00004f90       0x1c ./CMSIS/efm32g/system_efm32g.o
 .text.SystemCoreClockGet
                0x00004fac       0x34 ./CMSIS/efm32g/system_efm32g.o
                0x00004fac                SystemCoreClockGet
 .text.SystemMaxCoreClockGet
                0x00004fe0       0x14 ./CMSIS/efm32g/system_efm32g.o
                0x00004fe0                SystemMaxCoreClockGet
 .text.SystemHFClockGet
                0x00004ff4       0xf0 ./CMSIS/efm32g/system_efm32g.o
                0x00004ff4                SystemHFClockGet
 .text.SystemHFXOClockSet
                0x000050e4       0x2c ./CMSIS/efm32g/system_efm32g.o
                0x000050e4                SystemHFXOClockSet
 .text.SystemInit
                0x00005110        0xc ./CMSIS/efm32g/system_efm32g.o
                0x00005110                SystemInit
 .text.SystemLFRCOClockGet
                0x0000511c       0x14 ./CMSIS/efm32g/system_efm32g.o
                0x0000511c                SystemLFRCOClockGet
 .text.SystemLFXOClockGet
                0x00005130       0x18 ./CMSIS/efm32g/system_efm32g.o
                0x00005130                SystemLFXOClockGet
 .text          0x00005148      0x370 c:/siliconlabs/simplicitystudio/v3/developer/toolchains/gnu_arm/4.8_2013q4/bin/../lib/gcc/arm-none-eabi/4.8.3/armv7-m\libgcc.a(_arm_addsubdf3.o)
                0x00005148                __aeabi_drsub
                0x00005150                __aeabi_dsub
                0x00005150                __subdf3
                0x00005154                __aeabi_dadd
                0x00005154                __adddf3
                0x000053cc                __floatunsidf
                0x000053cc                __aeabi_ui2d
                0x000053ec                __floatsidf
                0x000053ec                __aeabi_i2d
                0x00005410                __aeabi_f2d
                0x00005410                __extendsfdf2
                0x0000544c                __floatundidf
                0x0000544c                __aeabi_ul2d
                0x0000545c                __floatdidf
                0x0000545c                __aeabi_l2d
 .text          0x000054b8      0x424 c:/siliconlabs/simplicitystudio/v3/developer/toolchains/gnu_arm/4.8_2013q4/bin/../lib/gcc/arm-none-eabi/4.8.3/armv7-m\libgcc.a(_arm_muldivdf3.o)
                0x000054b8                __aeabi_dmul
                0x000054b8                __muldf3
                0x0000570c                __divdf3
                0x0000570c                __aeabi_ddiv
 .text          0x000058dc       0x40 c:/siliconlabs/simplicitystudio/v3/developer/toolchains/gnu_arm/4.8_2013q4/bin/../lib/gcc/arm-none-eabi/4.8.3/armv7-m\libgcc.a(_arm_fixunsdfsi.o)
                0x000058dc                __aeabi_d2uiz
                0x000058dc                __fixunsdfsi
 .text.exit     0x0000591c       0x28 c:/siliconlabs/simplicitystudio/v3/developer/toolchains/gnu_arm/4.8_2013q4/bin/../lib/gcc/arm-none-eabi/4.8.3/../../../../arm-none-eabi/lib/armv7-m\libc_s.a(lib_a-exit.o)
                0x0000591c                exit
 .text.__libc_init_array
                0x00005944       0x4c c:/siliconlabs/simplicitystudio/v3/developer/toolchains/gnu_arm/4.8_2013q4/bin/../lib/gcc/arm-none-eabi/4.8.3/../../../../arm-none-eabi/lib/armv7-m\libc_s.a(lib_a-init.o)
                0x00005944                __libc_init_array
 .text.memcpy   0x00005990       0x12 c:/siliconlabs/simplicitystudio/v3/developer/toolchains/gnu_arm/4.8_2013q4/bin/../lib/gcc/arm-none-eabi/4.8.3/../../../../arm-none-eabi/lib/armv7-m\libc_s.a(lib_a-memcpy-stub.o)
                0x00005990                memcpy
 .text.memset   0x000059a2       0x10 c:/siliconlabs/simplicitystudio/v3/developer/toolchains/gnu_arm/4.8_2013q4/bin/../lib/gcc/arm-none-eabi/4.8.3/../../../../arm-none-eabi/lib/armv7-m\libc_s.a(lib_a-memset.o)
                0x000059a2                memset
 *fill*         0x000059b2        0x2 
 .text._exit    0x000059b4        0x4 c:/siliconlabs/simplicitystudio/v3/developer/toolchains/gnu_arm/4.8_2013q4/bin/../lib/gcc/arm-none-eabi/4.8.3/../../../../arm-none-eabi/lib/armv7-m\libnosys.a(_exit.o)
                0x000059b4                _exit
 *(.init)
 .init          0x000059b8        0x4 c:/siliconlabs/simplicitystudio/v3/developer/toolchains/gnu_arm/4.8_2013q4/bin/../lib/gcc/arm-none-eabi/4.8.3/armv7-m/crti.o
                0x000059b8                _init
 .init          0x000059bc        0x8 c:/siliconlabs/simplicitystudio/v3/developer/toolchains/gnu_arm/4.8_2013q4/bin/../lib/gcc/arm-none-eabi/4.8.3/armv7-m/crtn.o
 *(.fini)
 .fini          0x000059c4        0x4 c:/siliconlabs/simplicitystudio/v3/developer/toolchains/gnu_arm/4.8_2013q4/bin/../lib/gcc/arm-none-eabi/4.8.3/armv7-m/crti.o
                0x000059c4                _fini
 .fini          0x000059c8        0x8 c:/siliconlabs/simplicitystudio/v3/developer/toolchains/gnu_arm/4.8_2013q4/bin/../lib/gcc/arm-none-eabi/4.8.3/armv7-m/crtn.o
 *crtbegin.o(.ctors)
 *crtbegin?.o(.ctors)
 *(EXCLUDE_FILE(*crtend.o *crtend?.o) .ctors)
 *(SORT(.ctors.*))
 *(.ctors)
 *crtbegin.o(.dtors)
 *crtbegin?.o(.dtors)
 *(EXCLUDE_FILE(*crtend.o *crtend?.o) .dtors)
 *(SORT(.dtors.*))
 *(.dtors)
 *(.rodata*)
 .rodata        0x000059d0        0x8 ./tpos/tpos_tasks.o
 .rodata        0x000059d8       0x10 ./tpos/tpos_timers.o
 .rodata        0x000059e8       0x44 ./src/InitDevice.o
 .rodata        0x00005a2c       0x34 ./src/main.o
 .rodata.i2cNSum
                0x00005a60        0x4 ./emlib/em_i2c.o
 .rodata.str1.1
                0x00005a64        0x2 c:/siliconlabs/simplicitystudio/v3/developer/toolchains/gnu_arm/4.8_2013q4/bin/../lib/gcc/arm-none-eabi/4.8.3/../../../../arm-none-eabi/lib/armv7-m\libc_s.a(lib_a-impure.o)
 *fill*         0x00005a66        0x2 
 .rodata._global_impure_ptr
                0x00005a68        0x4 c:/siliconlabs/simplicitystudio/v3/developer/toolchains/gnu_arm/4.8_2013q4/bin/../lib/gcc/arm-none-eabi/4.8.3/../../../../arm-none-eabi/lib/armv7-m\libc_s.a(lib_a-impure.o)
                0x00005a68                _global_impure_ptr
 *(.eh_frame*)
 .eh_frame      0x00005a6c        0x0 c:/siliconlabs/simplicitystudio/v3/developer/toolchains/gnu_arm/4.8_2013q4/bin/../lib/gcc/arm-none-eabi/4.8.3/armv7-m/crtbegin.o
 .eh_frame      0x00005a6c        0x4 c:/siliconlabs/simplicitystudio/v3/developer/toolchains/gnu_arm/4.8_2013q4/bin/../lib/gcc/arm-none-eabi/4.8.3/armv7-m/crtend.o

.glue_7         0x00005a70        0x0
 .glue_7        0x00000000        0x0 linker stubs

.glue_7t        0x00005a70        0x0
 .glue_7t       0x00000000        0x0 linker stubs

.vfp11_veneer   0x00005a70        0x0
 .vfp11_veneer  0x00000000        0x0 linker stubs

.v4_bx          0x00005a70        0x0
 .v4_bx         0x00000000        0x0 linker stubs

.iplt           0x00005a70        0x0
 .iplt          0x00000000        0x0 c:/siliconlabs/simplicitystudio/v3/developer/toolchains/gnu_arm/4.8_2013q4/bin/../lib/gcc/arm-none-eabi/4.8.3/armv7-m/crtbegin.o

.ARM.extab
 *(.ARM.extab* .gnu.linkonce.armextab.*)
                0x00005a70                __exidx_start = .

.ARM.exidx      0x00005a70        0x8
 *(.ARM.exidx* .gnu.linkonce.armexidx.*)
 .ARM.exidx     0x00005a70        0x8 c:/siliconlabs/simplicitystudio/v3/developer/toolchains/gnu_arm/4.8_2013q4/bin/../lib/gcc/arm-none-eabi/4.8.3/../../../../arm-none-eabi/lib/armv7-m/crt0.o
                0x00005a78                __exidx_end = .
                0x00005a78                __etext = .

.rel.dyn        0x00005a78        0x0
 .rel.iplt      0x00000000        0x0 c:/siliconlabs/simplicitystudio/v3/developer/toolchains/gnu_arm/4.8_2013q4/bin/../lib/gcc/arm-none-eabi/4.8.3/armv7-m/crtbegin.o

.data           0x20000000       0x7c load address 0x00005a78
                0x20000000                __data_start__ = .
 *(vtable)
 *(.data*)
 .data.uxCriticalNesting
                0x20000000        0x4 ./tpos/tpos_port.o
 .data.xNextTaskUnblockTime
                0x20000004        0x4 ./tpos/tpos_tasks.o
 .data.SystemHFXOClock
                0x20000008        0x4 ./CMSIS/efm32g/system_efm32g.o
 .data.SystemLFXOClock
                0x2000000c        0x4 ./CMSIS/efm32g/system_efm32g.o
 .data.impure_data
                0x20000010       0x60 c:/siliconlabs/simplicitystudio/v3/developer/toolchains/gnu_arm/4.8_2013q4/bin/../lib/gcc/arm-none-eabi/4.8.3/../../../../arm-none-eabi/lib/armv7-m\libc_s.a(lib_a-impure.o)
                0x20000070                . = ALIGN (0x4)
 *(.ram)
                0x20000070                . = ALIGN (0x4)
                0x20000070                PROVIDE (__preinit_array_start, .)
 *(.preinit_array)
                0x20000070                PROVIDE (__preinit_array_end, .)
                0x20000070                . = ALIGN (0x4)
                0x20000070                PROVIDE (__init_array_start, .)
 *(SORT(.init_array.*))
 *(.init_array)
 .init_array    0x20000070        0x4 c:/siliconlabs/simplicitystudio/v3/developer/toolchains/gnu_arm/4.8_2013q4/bin/../lib/gcc/arm-none-eabi/4.8.3/armv7-m/crtbegin.o
                0x20000074                PROVIDE (__init_array_end, .)
                0x20000074                . = ALIGN (0x4)
                0x20000074                PROVIDE (__fini_array_start, .)
 *(SORT(.fini_array.*))
 *(.fini_array)
 .fini_array    0x20000074        0x4 c:/siliconlabs/simplicitystudio/v3/developer/toolchains/gnu_arm/4.8_2013q4/bin/../lib/gcc/arm-none-eabi/4.8.3/armv7-m/crtbegin.o
                0x20000078                PROVIDE (__fini_array_end, .)
 *(.jcr*)
 .jcr           0x20000078        0x0 c:/siliconlabs/simplicitystudio/v3/developer/toolchains/gnu_arm/4.8_2013q4/bin/../lib/gcc/arm-none-eabi/4.8.3/armv7-m/crtbegin.o
 .jcr           0x20000078        0x4 c:/siliconlabs/simplicitystudio/v3/developer/toolchains/gnu_arm/4.8_2013q4/bin/../lib/gcc/arm-none-eabi/4.8.3/armv7-m/crtend.o
                0x2000007c                . = ALIGN (0x4)
                0x2000007c                __data_end__ = .

.igot.plt       0x2000007c        0x0 load address 0x00005af4
 .igot.plt      0x00000000        0x0 c:/siliconlabs/simplicitystudio/v3/developer/toolchains/gnu_arm/4.8_2013q4/bin/../lib/gcc/arm-none-eabi/4.8.3/armv7-m/crtbegin.o

.bss            0x20000100     0x2604 load address 0x00005c00
                0x20000100                . = ALIGN (0x4)
                0x20000100                __bss_start__ = .
 *(.bss*)
 .bss           0x20000100       0x1c c:/siliconlabs/simplicitystudio/v3/developer/toolchains/gnu_arm/4.8_2013q4/bin/../lib/gcc/arm-none-eabi/4.8.3/armv7-m/crtbegin.o
 .bss.xMaximumPossibleSuppressedTicks
                0x2000011c        0x4 ./tpos/low_power_tick_management.o
 .bss.sleepCallback
                0x20000120        0x4 ./tpos/sleep.o
 .bss.wakeUpCallback
                0x20000124        0x4 ./tpos/sleep.o
 .bss.sleepBlockCnt
                0x20000128        0x4 ./tpos/sleep.o
 .bss.ucHeap    0x2000012c     0x2328 ./tpos/tpos_heap_1.o
 .bss.xNextFreeByte
                0x20002454        0x4 ./tpos/tpos_heap_1.o
 .bss.pucAlignedHeap.4247
                0x20002458        0x4 ./tpos/tpos_heap_1.o
 .bss.ucMaxSysCallPriority
                0x2000245c        0x1 ./tpos/tpos_port.o
 *fill*         0x2000245d        0x3 
 .bss.ulMaxPRIGROUPValue
                0x20002460        0x4 ./tpos/tpos_port.o
 .bss.pxCurrentTCB
                0x20002464        0x4 ./tpos/tpos_tasks.o
                0x20002464                pxCurrentTCB
 .bss.pxReadyTasksLists
                0x20002468       0x28 ./tpos/tpos_tasks.o
 .bss.xDelayedTaskList1
                0x20002490       0x14 ./tpos/tpos_tasks.o
 .bss.xDelayedTaskList2
                0x200024a4       0x14 ./tpos/tpos_tasks.o
 .bss.pxDelayedTaskList
                0x200024b8        0x4 ./tpos/tpos_tasks.o
 .bss.pxOverflowDelayedTaskList
                0x200024bc        0x4 ./tpos/tpos_tasks.o
 .bss.xPendingReadyList
                0x200024c0       0x14 ./tpos/tpos_tasks.o
 .bss.xTasksWaitingTermination
                0x200024d4       0x14 ./tpos/tpos_tasks.o
 .bss.uxTasksDeleted
                0x200024e8        0x4 ./tpos/tpos_tasks.o
 .bss.xSuspendedTaskList
                0x200024ec       0x14 ./tpos/tpos_tasks.o
 .bss.uxCurrentNumberOfTasks
                0x20002500        0x4 ./tpos/tpos_tasks.o
 .bss.xTickCount
                0x20002504        0x4 ./tpos/tpos_tasks.o
 .bss.uxTopReadyPriority
                0x20002508        0x4 ./tpos/tpos_tasks.o
 .bss.xSchedulerRunning
                0x2000250c        0x4 ./tpos/tpos_tasks.o
 .bss.uxPendedTicks
                0x20002510        0x4 ./tpos/tpos_tasks.o
 .bss.xYieldPending
                0x20002514        0x4 ./tpos/tpos_tasks.o
 .bss.xNumOfOverflows
                0x20002518        0x4 ./tpos/tpos_tasks.o
 .bss.uxTaskNumber
                0x2000251c        0x4 ./tpos/tpos_tasks.o
 .bss.uxSchedulerSuspended
                0x20002520        0x4 ./tpos/tpos_tasks.o
 .bss.xActiveTimerList1
                0x20002524       0x14 ./tpos/tpos_timers.o
 .bss.xActiveTimerList2
                0x20002538       0x14 ./tpos/tpos_timers.o
 .bss.pxCurrentTimerList
                0x2000254c        0x4 ./tpos/tpos_timers.o
 .bss.pxOverflowTimerList
                0x20002550        0x4 ./tpos/tpos_timers.o
 .bss.xTimerQueue
                0x20002554        0x4 ./tpos/tpos_timers.o
 .bss.xLastTime.4492
                0x20002558        0x4 ./tpos/tpos_timers.o
 .bss.cmuStatus
                0x2000255c        0x4 ./emlib/em_emu.o
 .bss.INT_LockCnt
                0x20002560        0x4 ./emlib/em_int.o
                0x20002560                INT_LockCnt
 *(COMMON)
 COMMON         0x20002564       0x50 ./tpos/tpos_queue.o
                0x20002564                xQueueRegistry
 *fill*         0x200025b4       0x4c 
 COMMON         0x20002600      0x100 ./emlib/dmactrl.o
                0x20002600                dmaControlBlock
 COMMON         0x20002700        0x4 ./CMSIS/efm32g/system_efm32g.o
                0x20002700                SystemCoreClock
                0x20002704                . = ALIGN (0x4)
                0x20002704                __bss_end__ = .

.heap           0x20002708      0xc00
                0x20002708                __HeapBase = .
                0x20002708                __end__ = .
                0x20002708                end = __end__
                0x20002708                _end = __end__
 *(.heap*)
 .heap          0x20002708      0xc00 ./CMSIS/efm32g/startup_gcc_efm32g.o
                0x20003308                __HeapLimit = .

.stack_dummy    0x20002708      0x400
 *(.stack*)
 .stack         0x20002708      0x400 ./CMSIS/efm32g/startup_gcc_efm32g.o
                0x20004000                __StackTop = (ORIGIN (RAM) + 0x4000)
                0x20003c00                __StackLimit = (__StackTop - SIZEOF (.stack_dummy))
                0x20004000                PROVIDE (__stack, __StackTop)
                0x00000001                ASSERT ((__StackLimit >= __HeapLimit), region RAM overflowed with stack)
                0x00000001                ASSERT ((0x20000 >= (__etext + SIZEOF (.data))), FLASH memory overflowed !)
OUTPUT(Collector_v1.0.axf elf32-littlearm)

.ARM.attributes
                0x00000000       0x29
 .ARM.attributes
                0x00000000       0x1d c:/siliconlabs/simplicitystudio/v3/developer/toolchains/gnu_arm/4.8_2013q4/bin/../lib/gcc/arm-none-eabi/4.8.3/armv7-m/crti.o
 .ARM.attributes
                0x0000001d       0x2d c:/siliconlabs/simplicitystudio/v3/developer/toolchains/gnu_arm/4.8_2013q4/bin/../lib/gcc/arm-none-eabi/4.8.3/armv7-m/crtbegin.o
 .ARM.attributes
                0x0000004a       0x1b c:/siliconlabs/simplicitystudio/v3/developer/toolchains/gnu_arm/4.8_2013q4/bin/../lib/gcc/arm-none-eabi/4.8.3/../../../../arm-none-eabi/lib/armv7-m/crt0.o
 .ARM.attributes
                0x00000065       0x33 ./tpos/low_power_tick_management.o
 .ARM.attributes
                0x00000098       0x33 ./tpos/sleep.o
 .ARM.attributes
                0x000000cb       0x33 ./tpos/tpos_heap_1.o
 .ARM.attributes
                0x000000fe       0x33 ./tpos/tpos_list.o
 .ARM.attributes
                0x00000131       0x33 ./tpos/tpos_port.o
 .ARM.attributes
                0x00000164       0x33 ./tpos/tpos_queue.o
 .ARM.attributes
                0x00000197       0x33 ./tpos/tpos_tasks.o
 .ARM.attributes
                0x000001ca       0x33 ./tpos/tpos_timers.o
 .ARM.attributes
                0x000001fd       0x33 ./src/InitDevice.o
 .ARM.attributes
                0x00000230       0x33 ./src/app_task.o
 .ARM.attributes
                0x00000263       0x33 ./src/main.o
 .ARM.attributes
                0x00000296       0x33 ./emlib/dmactrl.o
 .ARM.attributes
                0x000002c9       0x33 ./emlib/em_adc.o
 .ARM.attributes
                0x000002fc       0x33 ./emlib/em_cmu.o
 .ARM.attributes
                0x0000032f       0x33 ./emlib/em_dma.o
 .ARM.attributes
                0x00000362       0x33 ./emlib/em_emu.o
 .ARM.attributes
                0x00000395       0x33 ./emlib/em_i2c.o
 .ARM.attributes
                0x000003c8       0x33 ./emlib/em_int.o
 .ARM.attributes
                0x000003fb       0x33 ./emlib/em_leuart.o
 .ARM.attributes
                0x0000042e       0x33 ./emlib/em_rtc.o
 .ARM.attributes
                0x00000461       0x33 ./emlib/em_system.o
 .ARM.attributes
                0x00000494       0x33 ./emlib/em_timer.o
 .ARM.attributes
                0x000004c7       0x33 ./emlib/em_usart.o
 .ARM.attributes
                0x000004fa       0x33 ./emlib/em_wdog.o
 .ARM.attributes
                0x0000052d       0x1b ./CMSIS/efm32g/startup_gcc_efm32g.o
 .ARM.attributes
                0x00000548       0x33 ./CMSIS/efm32g/system_efm32g.o
 .ARM.attributes
                0x0000057b       0x1d c:/siliconlabs/simplicitystudio/v3/developer/toolchains/gnu_arm/4.8_2013q4/bin/../lib/gcc/arm-none-eabi/4.8.3/armv7-m\libgcc.a(_arm_addsubdf3.o)
 .ARM.attributes
                0x00000598       0x1d c:/siliconlabs/simplicitystudio/v3/developer/toolchains/gnu_arm/4.8_2013q4/bin/../lib/gcc/arm-none-eabi/4.8.3/armv7-m\libgcc.a(_arm_muldivdf3.o)
 .ARM.attributes
                0x000005b5       0x1d c:/siliconlabs/simplicitystudio/v3/developer/toolchains/gnu_arm/4.8_2013q4/bin/../lib/gcc/arm-none-eabi/4.8.3/armv7-m\libgcc.a(_arm_fixunsdfsi.o)
 .ARM.attributes
                0x000005d2       0x2d c:/siliconlabs/simplicitystudio/v3/developer/toolchains/gnu_arm/4.8_2013q4/bin/../lib/gcc/arm-none-eabi/4.8.3/../../../../arm-none-eabi/lib/armv7-m\libc_s.a(lib_a-exit.o)
 .ARM.attributes
                0x000005ff       0x2d c:/siliconlabs/simplicitystudio/v3/developer/toolchains/gnu_arm/4.8_2013q4/bin/../lib/gcc/arm-none-eabi/4.8.3/../../../../arm-none-eabi/lib/armv7-m\libc_s.a(lib_a-impure.o)
 .ARM.attributes
                0x0000062c       0x2d c:/siliconlabs/simplicitystudio/v3/developer/toolchains/gnu_arm/4.8_2013q4/bin/../lib/gcc/arm-none-eabi/4.8.3/../../../../arm-none-eabi/lib/armv7-m\libc_s.a(lib_a-init.o)
 .ARM.attributes
                0x00000659       0x2d c:/siliconlabs/simplicitystudio/v3/developer/toolchains/gnu_arm/4.8_2013q4/bin/../lib/gcc/arm-none-eabi/4.8.3/../../../../arm-none-eabi/lib/armv7-m\libc_s.a(lib_a-memcpy-stub.o)
 .ARM.attributes
                0x00000686       0x2d c:/siliconlabs/simplicitystudio/v3/developer/toolchains/gnu_arm/4.8_2013q4/bin/../lib/gcc/arm-none-eabi/4.8.3/../../../../arm-none-eabi/lib/armv7-m\libc_s.a(lib_a-memset.o)
 .ARM.attributes
                0x000006b3       0x2d c:/siliconlabs/simplicitystudio/v3/developer/toolchains/gnu_arm/4.8_2013q4/bin/../lib/gcc/arm-none-eabi/4.8.3/../../../../arm-none-eabi/lib/armv7-m\libnosys.a(_exit.o)
 .ARM.attributes
                0x000006e0       0x2d c:/siliconlabs/simplicitystudio/v3/developer/toolchains/gnu_arm/4.8_2013q4/bin/../lib/gcc/arm-none-eabi/4.8.3/armv7-m/crtend.o
 .ARM.attributes
                0x0000070d       0x1d c:/siliconlabs/simplicitystudio/v3/developer/toolchains/gnu_arm/4.8_2013q4/bin/../lib/gcc/arm-none-eabi/4.8.3/armv7-m/crtn.o

.comment        0x00000000       0x70
 .comment       0x00000000       0x70 ./tpos/low_power_tick_management.o
                                 0x71 (size before relaxing)
 .comment       0x00000000       0x71 ./tpos/sleep.o
 .comment       0x00000000       0x71 ./tpos/tpos_heap_1.o
 .comment       0x00000000       0x71 ./tpos/tpos_list.o
 .comment       0x00000000       0x71 ./tpos/tpos_port.o
 .comment       0x00000000       0x71 ./tpos/tpos_queue.o
 .comment       0x00000000       0x71 ./tpos/tpos_tasks.o
 .comment       0x00000000       0x71 ./tpos/tpos_timers.o
 .comment       0x00000000       0x71 ./src/InitDevice.o
 .comment       0x00000000       0x71 ./src/app_task.o
 .comment       0x00000000       0x71 ./src/main.o
 .comment       0x00000000       0x71 ./emlib/dmactrl.o
 .comment       0x00000000       0x71 ./emlib/em_adc.o
 .comment       0x00000000       0x71 ./emlib/em_cmu.o
 .comment       0x00000000       0x71 ./emlib/em_dma.o
 .comment       0x00000000       0x71 ./emlib/em_emu.o
 .comment       0x00000000       0x71 ./emlib/em_i2c.o
 .comment       0x00000000       0x71 ./emlib/em_int.o
 .comment       0x00000000       0x71 ./emlib/em_leuart.o
 .comment       0x00000000       0x71 ./emlib/em_rtc.o
 .comment       0x00000000       0x71 ./emlib/em_system.o
 .comment       0x00000000       0x71 ./emlib/em_timer.o
 .comment       0x00000000       0x71 ./emlib/em_usart.o
 .comment       0x00000000       0x71 ./emlib/em_wdog.o
 .comment       0x00000000       0x71 ./CMSIS/efm32g/system_efm32g.o

.debug_info     0x00000000     0xcb67
 .debug_info    0x00000000      0xa27 ./tpos/low_power_tick_management.o
 .debug_info    0x00000a27      0x5db ./tpos/sleep.o
 .debug_info    0x00001002      0x17e ./tpos/tpos_heap_1.o
 .debug_info    0x00001180      0x2c5 ./tpos/tpos_list.o
 .debug_info    0x00001445      0x374 ./tpos/tpos_port.o
 .debug_info    0x000017b9      0xabe ./tpos/tpos_queue.o
 .debug_info    0x00002277     0x11d0 ./tpos/tpos_tasks.o
 .debug_info    0x00003447      0x826 ./tpos/tpos_timers.o
 .debug_info    0x00003c6d     0x20bd ./src/InitDevice.o
 .debug_info    0x00005d2a      0x31b ./src/app_task.o
 .debug_info    0x00006045      0x1c2 ./src/main.o
 .debug_info    0x00006207      0x113 ./emlib/dmactrl.o
 .debug_info    0x0000631a      0xa06 ./emlib/em_adc.o
 .debug_info    0x00006d20      0xfc5 ./emlib/em_cmu.o
 .debug_info    0x00007ce5     0x10c0 ./emlib/em_dma.o
 .debug_info    0x00008da5      0x954 ./emlib/em_emu.o
 .debug_info    0x000096f9      0x7fd ./emlib/em_i2c.o
 .debug_info    0x00009ef6       0xa6 ./emlib/em_int.o
 .debug_info    0x00009f9c      0x7b7 ./emlib/em_leuart.o
 .debug_info    0x0000a753      0x363 ./emlib/em_rtc.o
 .debug_info    0x0000aab6      0x245 ./emlib/em_system.o
 .debug_info    0x0000acfb      0x897 ./emlib/em_timer.o
 .debug_info    0x0000b592      0xc83 ./emlib/em_usart.o
 .debug_info    0x0000c215      0x352 ./emlib/em_wdog.o
 .debug_info    0x0000c567       0x8a ./CMSIS/efm32g/startup_gcc_efm32g.o
 .debug_info    0x0000c5f1      0x576 ./CMSIS/efm32g/system_efm32g.o

.debug_abbrev   0x00000000     0x28e4
 .debug_abbrev  0x00000000      0x214 ./tpos/low_power_tick_management.o
 .debug_abbrev  0x00000214      0x29b ./tpos/sleep.o
 .debug_abbrev  0x000004af       0xf0 ./tpos/tpos_heap_1.o
 .debug_abbrev  0x0000059f       0xc0 ./tpos/tpos_list.o
 .debug_abbrev  0x0000065f      0x1cf ./tpos/tpos_port.o
 .debug_abbrev  0x0000082e      0x1cb ./tpos/tpos_queue.o
 .debug_abbrev  0x000009f9      0x2c1 ./tpos/tpos_tasks.o
 .debug_abbrev  0x00000cba      0x199 ./tpos/tpos_timers.o
 .debug_abbrev  0x00000e53      0x245 ./src/InitDevice.o
 .debug_abbrev  0x00001098      0x149 ./src/app_task.o
 .debug_abbrev  0x000011e1       0xf6 ./src/main.o
 .debug_abbrev  0x000012d7       0x98 ./emlib/dmactrl.o
 .debug_abbrev  0x0000136f      0x1b0 ./emlib/em_adc.o
 .debug_abbrev  0x0000151f      0x2a5 ./emlib/em_cmu.o
 .debug_abbrev  0x000017c4      0x23b ./emlib/em_dma.o
 .debug_abbrev  0x000019ff      0x1e1 ./emlib/em_emu.o
 .debug_abbrev  0x00001be0      0x24c ./emlib/em_i2c.o
 .debug_abbrev  0x00001e2c       0x5c ./emlib/em_int.o
 .debug_abbrev  0x00001e88      0x1bb ./emlib/em_leuart.o
 .debug_abbrev  0x00002043      0x180 ./emlib/em_rtc.o
 .debug_abbrev  0x000021c3       0xef ./emlib/em_system.o
 .debug_abbrev  0x000022b2      0x18c ./emlib/em_timer.o
 .debug_abbrev  0x0000243e      0x1d2 ./emlib/em_usart.o
 .debug_abbrev  0x00002610      0x11b ./emlib/em_wdog.o
 .debug_abbrev  0x0000272b       0x14 ./CMSIS/efm32g/startup_gcc_efm32g.o
 .debug_abbrev  0x0000273f      0x1a5 ./CMSIS/efm32g/system_efm32g.o

.debug_loc      0x00000000     0x4236
 .debug_loc     0x00000000      0x2d4 ./tpos/low_power_tick_management.o
 .debug_loc     0x000002d4      0x29c ./tpos/sleep.o
 .debug_loc     0x00000570       0xc8 ./tpos/tpos_heap_1.o
 .debug_loc     0x00000638      0x118 ./tpos/tpos_list.o
 .debug_loc     0x00000750      0x1b0 ./tpos/tpos_port.o
 .debug_loc     0x00000900      0x4d0 ./tpos/tpos_queue.o
 .debug_loc     0x00000dd0      0x9bc ./tpos/tpos_tasks.o
 .debug_loc     0x0000178c      0x33c ./tpos/tpos_timers.o
 .debug_loc     0x00001ac8      0x68c ./src/InitDevice.o
 .debug_loc     0x00002154       0xf4 ./src/app_task.o
 .debug_loc     0x00002248       0x70 ./src/main.o
 .debug_loc     0x000022b8      0x188 ./emlib/em_adc.o
 .debug_loc     0x00002440      0x6fc ./emlib/em_cmu.o
 .debug_loc     0x00002b3c      0x428 ./emlib/em_dma.o
 .debug_loc     0x00002f64      0x264 ./emlib/em_emu.o
 .debug_loc     0x000031c8      0x1f8 ./emlib/em_i2c.o
 .debug_loc     0x000033c0      0x310 ./emlib/em_leuart.o
 .debug_loc     0x000036d0      0x1e0 ./emlib/em_rtc.o
 .debug_loc     0x000038b0       0x70 ./emlib/em_system.o
 .debug_loc     0x00003920      0x188 ./emlib/em_timer.o
 .debug_loc     0x00003aa8      0x462 ./emlib/em_usart.o
 .debug_loc     0x00003f0a      0x118 ./emlib/em_wdog.o
 .debug_loc     0x00004022      0x214 ./CMSIS/efm32g/system_efm32g.o

.debug_aranges  0x00000000      0xc88
 .debug_aranges
                0x00000000       0x88 ./tpos/low_power_tick_management.o
 .debug_aranges
                0x00000088       0x80 ./tpos/sleep.o
 .debug_aranges
                0x00000108       0x38 ./tpos/tpos_heap_1.o
 .debug_aranges
                0x00000140       0x40 ./tpos/tpos_list.o
 .debug_aranges
                0x00000180       0x88 ./tpos/tpos_port.o
 .debug_aranges
                0x00000208       0xc8 ./tpos/tpos_queue.o
 .debug_aranges
                0x000002d0      0x188 ./tpos/tpos_tasks.o
 .debug_aranges
                0x00000458       0x90 ./tpos/tpos_timers.o
 .debug_aranges
                0x000004e8      0x128 ./src/InitDevice.o
 .debug_aranges
                0x00000610       0x40 ./src/app_task.o
 .debug_aranges
                0x00000650       0x28 ./src/main.o
 .debug_aranges
                0x00000678       0x18 ./emlib/dmactrl.o
 .debug_aranges
                0x00000690       0x50 ./emlib/em_adc.o
 .debug_aranges
                0x000006e0      0x120 ./emlib/em_cmu.o
 .debug_aranges
                0x00000800       0xb0 ./emlib/em_dma.o
 .debug_aranges
                0x000008b0       0x78 ./emlib/em_emu.o
 .debug_aranges
                0x00000928       0x60 ./emlib/em_i2c.o
 .debug_aranges
                0x00000988       0x18 ./emlib/em_int.o
 .debug_aranges
                0x000009a0       0x88 ./emlib/em_leuart.o
 .debug_aranges
                0x00000a28       0x60 ./emlib/em_rtc.o
 .debug_aranges
                0x00000a88       0x28 ./emlib/em_system.o
 .debug_aranges
                0x00000ab0       0x50 ./emlib/em_timer.o
 .debug_aranges
                0x00000b00       0xb8 ./emlib/em_usart.o
 .debug_aranges
                0x00000bb8       0x40 ./emlib/em_wdog.o
 .debug_aranges
                0x00000bf8       0x20 ./CMSIS/efm32g/startup_gcc_efm32g.o
 .debug_aranges
                0x00000c18       0x70 ./CMSIS/efm32g/system_efm32g.o

.debug_ranges   0x00000000      0xac8
 .debug_ranges  0x00000000       0x78 ./tpos/low_power_tick_management.o
 .debug_ranges  0x00000078       0x70 ./tpos/sleep.o
 .debug_ranges  0x000000e8       0x28 ./tpos/tpos_heap_1.o
 .debug_ranges  0x00000110       0x30 ./tpos/tpos_list.o
 .debug_ranges  0x00000140       0x78 ./tpos/tpos_port.o
 .debug_ranges  0x000001b8       0xb8 ./tpos/tpos_queue.o
 .debug_ranges  0x00000270      0x178 ./tpos/tpos_tasks.o
 .debug_ranges  0x000003e8       0x80 ./tpos/tpos_timers.o
 .debug_ranges  0x00000468      0x118 ./src/InitDevice.o
 .debug_ranges  0x00000580       0x30 ./src/app_task.o
 .debug_ranges  0x000005b0       0x18 ./src/main.o
 .debug_ranges  0x000005c8       0x40 ./emlib/em_adc.o
 .debug_ranges  0x00000608      0x110 ./emlib/em_cmu.o
 .debug_ranges  0x00000718       0xa0 ./emlib/em_dma.o
 .debug_ranges  0x000007b8       0x68 ./emlib/em_emu.o
 .debug_ranges  0x00000820       0x50 ./emlib/em_i2c.o
 .debug_ranges  0x00000870       0x78 ./emlib/em_leuart.o
 .debug_ranges  0x000008e8       0x50 ./emlib/em_rtc.o
 .debug_ranges  0x00000938       0x18 ./emlib/em_system.o
 .debug_ranges  0x00000950       0x40 ./emlib/em_timer.o
 .debug_ranges  0x00000990       0xa8 ./emlib/em_usart.o
 .debug_ranges  0x00000a38       0x30 ./emlib/em_wdog.o
 .debug_ranges  0x00000a68       0x60 ./CMSIS/efm32g/system_efm32g.o

.debug_line     0x00000000     0x5845
 .debug_line    0x00000000      0x3ba ./tpos/low_power_tick_management.o
 .debug_line    0x000003ba      0x35d ./tpos/sleep.o
 .debug_line    0x00000717      0x17a ./tpos/tpos_heap_1.o
 .debug_line    0x00000891      0x16c ./tpos/tpos_list.o
 .debug_line    0x000009fd      0x27f ./tpos/tpos_port.o
 .debug_line    0x00000c7c      0x533 ./tpos/tpos_queue.o
 .debug_line    0x000011af      0x9b6 ./tpos/tpos_tasks.o
 .debug_line    0x00001b65      0x2d1 ./tpos/tpos_timers.o
 .debug_line    0x00001e36      0x6d0 ./src/InitDevice.o
 .debug_line    0x00002506      0x293 ./src/app_task.o
 .debug_line    0x00002799      0x237 ./src/main.o
 .debug_line    0x000029d0      0x16f ./emlib/dmactrl.o
 .debug_line    0x00002b3f      0x2e7 ./emlib/em_adc.o
 .debug_line    0x00002e26      0x715 ./emlib/em_cmu.o
 .debug_line    0x0000353b      0x482 ./emlib/em_dma.o
 .debug_line    0x000039bd      0x399 ./emlib/em_emu.o
 .debug_line    0x00003d56      0x37f ./emlib/em_i2c.o
 .debug_line    0x000040d5       0xf6 ./emlib/em_int.o
 .debug_line    0x000041cb      0x35e ./emlib/em_leuart.o
 .debug_line    0x00004529      0x2b7 ./emlib/em_rtc.o
 .debug_line    0x000047e0      0x210 ./emlib/em_system.o
 .debug_line    0x000049f0      0x474 ./emlib/em_timer.o
 .debug_line    0x00004e64      0x499 ./emlib/em_usart.o
 .debug_line    0x000052fd      0x264 ./emlib/em_wdog.o
 .debug_line    0x00005561       0x70 ./CMSIS/efm32g/startup_gcc_efm32g.o
 .debug_line    0x000055d1      0x274 ./CMSIS/efm32g/system_efm32g.o

.debug_str      0x00000000     0x4fdb
 .debug_str     0x00000000      0x957 ./tpos/low_power_tick_management.o
                                0x9b9 (size before relaxing)
 .debug_str     0x00000957      0x1a0 ./tpos/sleep.o
                                0x419 (size before relaxing)
 .debug_str     0x00000af7       0x98 ./tpos/tpos_heap_1.o
                                0x249 (size before relaxing)
 .debug_str     0x00000b8f      0x13d ./tpos/tpos_list.o
                                0x2fc (size before relaxing)
 .debug_str     0x00000ccc      0x242 ./tpos/tpos_port.o
                                0x45a (size before relaxing)
 .debug_str     0x00000f0e      0x420 ./tpos/tpos_queue.o
                                0x6c4 (size before relaxing)
 .debug_str     0x0000132e      0x819 ./tpos/tpos_tasks.o
                                0xbbb (size before relaxing)
 .debug_str     0x00001b47      0x398 ./tpos/tpos_timers.o
                                0x686 (size before relaxing)
 .debug_str     0x00001edf     0x180b ./src/InitDevice.o
                               0x1fb5 (size before relaxing)
 .debug_str     0x000036ea       0xed ./src/app_task.o
                                0x32e (size before relaxing)
 .debug_str     0x000037d7       0x1d ./src/main.o
                                0x278 (size before relaxing)
 .debug_str     0x000037f4       0x13 ./emlib/dmactrl.o
                                0x20b (size before relaxing)
 .debug_str     0x00003807      0x2f5 ./emlib/em_adc.o
                                0xaf0 (size before relaxing)
 .debug_str     0x00003afc      0x4bf ./emlib/em_cmu.o
                                0xb16 (size before relaxing)
 .debug_str     0x00003fbb      0x342 ./emlib/em_dma.o
                                0xbf0 (size before relaxing)
 .debug_str     0x000042fd      0x193 ./emlib/em_emu.o
                                0x51e (size before relaxing)
 .debug_str     0x00004490      0x288 ./emlib/em_i2c.o
                                0x758 (size before relaxing)
 .debug_str     0x00004718       0x12 ./emlib/em_int.o
                                0x1d7 (size before relaxing)
 .debug_str     0x0000472a      0x116 ./emlib/em_leuart.o
                                0x6ca (size before relaxing)
 .debug_str     0x00004840       0x94 ./emlib/em_rtc.o
                                0x2d3 (size before relaxing)
 .debug_str     0x000048d4       0x7b ./emlib/em_system.o
                                0x2a9 (size before relaxing)
 .debug_str     0x0000494f      0x216 ./emlib/em_timer.o
                                0x919 (size before relaxing)
 .debug_str     0x00004b65      0x31b ./emlib/em_usart.o
                                0xb12 (size before relaxing)
 .debug_str     0x00004e80       0x46 ./emlib/em_wdog.o
                                0x3e7 (size before relaxing)
 .debug_str     0x00004ec6      0x115 ./CMSIS/efm32g/system_efm32g.o
                                0x46c (size before relaxing)

.debug_frame    0x00000000     0x26bc
 .debug_frame   0x00000000      0x194 ./tpos/low_power_tick_management.o
 .debug_frame   0x00000194      0x184 ./tpos/sleep.o
 .debug_frame   0x00000318       0x7c ./tpos/tpos_heap_1.o
 .debug_frame   0x00000394       0x9c ./tpos/tpos_list.o
 .debug_frame   0x00000430      0x158 ./tpos/tpos_port.o
 .debug_frame   0x00000588      0x2bc ./tpos/tpos_queue.o
 .debug_frame   0x00000844      0x57c ./tpos/tpos_tasks.o
 .debug_frame   0x00000dc0      0x1e0 ./tpos/tpos_timers.o
 .debug_frame   0x00000fa0      0x3c0 ./src/InitDevice.o
 .debug_frame   0x00001360       0xa0 ./src/app_task.o
 .debug_frame   0x00001400       0x50 ./src/main.o
 .debug_frame   0x00001450       0xec ./emlib/em_adc.o
 .debug_frame   0x0000153c      0x3d4 ./emlib/em_cmu.o
 .debug_frame   0x00001910      0x244 ./emlib/em_dma.o
 .debug_frame   0x00001b54      0x160 ./emlib/em_emu.o
 .debug_frame   0x00001cb4      0x120 ./emlib/em_i2c.o
 .debug_frame   0x00001dd4      0x1bc ./emlib/em_leuart.o
 .debug_frame   0x00001f90      0x118 ./emlib/em_rtc.o
 .debug_frame   0x000020a8       0x48 ./emlib/em_system.o
 .debug_frame   0x000020f0       0xd8 ./emlib/em_timer.o
 .debug_frame   0x000021c8      0x25c ./emlib/em_usart.o
 .debug_frame   0x00002424       0xa4 ./emlib/em_wdog.o
 .debug_frame   0x000024c8      0x138 ./CMSIS/efm32g/system_efm32g.o
 .debug_frame   0x00002600       0x28 c:/siliconlabs/simplicitystudio/v3/developer/toolchains/gnu_arm/4.8_2013q4/bin/../lib/gcc/arm-none-eabi/4.8.3/../../../../arm-none-eabi/lib/armv7-m\libc_s.a(lib_a-exit.o)
 .debug_frame   0x00002628       0x2c c:/siliconlabs/simplicitystudio/v3/developer/toolchains/gnu_arm/4.8_2013q4/bin/../lib/gcc/arm-none-eabi/4.8.3/../../../../arm-none-eabi/lib/armv7-m\libc_s.a(lib_a-init.o)
 .debug_frame   0x00002654       0x28 c:/siliconlabs/simplicitystudio/v3/developer/toolchains/gnu_arm/4.8_2013q4/bin/../lib/gcc/arm-none-eabi/4.8.3/../../../../arm-none-eabi/lib/armv7-m\libc_s.a(lib_a-memcpy-stub.o)
 .debug_frame   0x0000267c       0x20 c:/siliconlabs/simplicitystudio/v3/developer/toolchains/gnu_arm/4.8_2013q4/bin/../lib/gcc/arm-none-eabi/4.8.3/../../../../arm-none-eabi/lib/armv7-m\libc_s.a(lib_a-memset.o)
 .debug_frame   0x0000269c       0x20 c:/siliconlabs/simplicitystudio/v3/developer/toolchains/gnu_arm/4.8_2013q4/bin/../lib/gcc/arm-none-eabi/4.8.3/../../../../arm-none-eabi/lib/armv7-m\libnosys.a(_exit.o)
